OpenROAD 41a51eaf4ca2171c92ff38afb91eb37bbd3f36da 
This program is licensed under the BSD-3 license. See the LICENSE file for details.
Components of this program may be licensed under more restrictive licenses which must be honored.
[INFO]: Reading ODB at '/openlane/designs/gcd_scl_ref/runs/RUN_FULL/tmp/placement/7-global.odb'…
define_corners Typical
read_liberty -corner Typical /workspaces/vsd-sclc1d-orfs/pdks/sclc1d/OS_C1D_SCL_PDK_31-07-2026/my_dtech/Open_Source_SCL_1.2micron_PDK_digital/open_source_scl_c1d/open_pdks/sclc1d/libs.ref/digital_c1d/lib/nldm_tt_27_1p5.lib
Using 1e-12 for capacitance...
Using 1e+03 for resistance...
Using 1e-09 for time...
Using 1e+00 for voltage...
Using 1e-06 for current...
Using 1e-12 for power...
Using 1e-06 for distance...
Reading design constraints file at '/openlane/designs/gcd_scl_ref/runs/RUN_FULL/tmp/floorplan/3-initial_fp.sdc'…
[WARNING DPL-0038] No 1-site fill cells detected.  To remove 1-site gaps use the -disallow_one_site_gaps flag.
Placement Analysis
---------------------------------
total displacement      10526.4 u
average displacement       33.4 u
max displacement           82.1 u
original HPWL          240011.4 u
legalized HPWL         244502.6 u
delta HPWL                    2 %

Setting global connections for newly added cells…
Writing OpenROAD database to '/openlane/designs/gcd_scl_ref/runs/RUN_FULL/results/placement/gcd.odb'…
Writing netlist to '/openlane/designs/gcd_scl_ref/runs/RUN_FULL/results/placement/gcd.nl.v'…
Writing powered netlist to '/openlane/designs/gcd_scl_ref/runs/RUN_FULL/results/placement/gcd.pnl.v'…
Writing layout to '/openlane/designs/gcd_scl_ref/runs/RUN_FULL/results/placement/gcd.def'…
