
 /----------------------------------------------------------------------------\
 |                                                                            |
 |  yosys -- Yosys Open SYnthesis Suite                                       |
 |                                                                            |
 |  Copyright (C) 2012 - 2019  Clifford Wolf <clifford@clifford.at>           |
 |                                                                            |
 |  Permission to use, copy, modify, and/or distribute this software for any  |
 |  purpose with or without fee is hereby granted, provided that the above    |
 |  copyright notice and this permission notice appear in all copies.         |
 |                                                                            |
 |  THE SOFTWARE IS PROVIDED "AS IS" AND THE AUTHOR DISCLAIMS ALL WARRANTIES  |
 |  WITH REGARD TO THIS SOFTWARE INCLUDING ALL IMPLIED WARRANTIES OF          |
 |  MERCHANTABILITY AND FITNESS. IN NO EVENT SHALL THE AUTHOR BE LIABLE FOR   |
 |  ANY SPECIAL, DIRECT, INDIRECT, OR CONSEQUENTIAL DAMAGES OR ANY DAMAGES    |
 |  WHATSOEVER RESULTING FROM LOSS OF USE, DATA OR PROFITS, WHETHER IN AN     |
 |  ACTION OF CONTRACT, NEGLIGENCE OR OTHER TORTIOUS ACTION, ARISING OUT OF   |
 |  OR IN CONNECTION WITH THE USE OR PERFORMANCE OF THIS SOFTWARE.            |
 |                                                                            |
 \----------------------------------------------------------------------------/

 Yosys 0.9 (git sha1 1979e0b, g++-9 9.5.0-1ubuntu1~22.04.1 -fPIC -Os)


-- Executing script file `synth_ref.ys' --

1. Executing Liberty frontend.
Imported 63 cell types from liberty file.

2. Executing Verilog-2005 frontend: /workspaces/OpenLane-scl-ref/designs/gcd_scl_ref/src/gcd.v
Parsing Verilog input from `/workspaces/OpenLane-scl-ref/designs/gcd_scl_ref/src/gcd.v' to AST representation.
Generating RTLIL representation for module `\gcd'.
Generating RTLIL representation for module `\GcdUnitCtrlRTL_0x4d0fc71ead8d3d9e'.
Generating RTLIL representation for module `\RegRst_0x9f365fdf6c8998a'.
Generating RTLIL representation for module `\GcdUnitDpathRTL_0x4d0fc71ead8d3d9e'.
Generating RTLIL representation for module `\RegEn_0x68db79c4ec1d6e5b'.
Generating RTLIL representation for module `\LtComparator_0x422b1f52edd46a85'.
Generating RTLIL representation for module `\ZeroComparator_0x422b1f52edd46a85'.
Generating RTLIL representation for module `\Mux_0x683fa1a418b072c9'.
Generating RTLIL representation for module `\Mux_0xdd6473406d1a99a'.
Generating RTLIL representation for module `\Subtractor_0x422b1f52edd46a85'.
Successfully finished Verilog frontend.

3. Executing HIERARCHY pass (managing design hierarchy).

3.1. Analyzing design hierarchy..
Top module:  \gcd
Used module:     \GcdUnitDpathRTL_0x4d0fc71ead8d3d9e
Used module:         \RegEn_0x68db79c4ec1d6e5b
Used module:         \Subtractor_0x422b1f52edd46a85
Used module:         \Mux_0xdd6473406d1a99a
Used module:         \Mux_0x683fa1a418b072c9
Used module:         \ZeroComparator_0x422b1f52edd46a85
Used module:         \LtComparator_0x422b1f52edd46a85
Used module:     \GcdUnitCtrlRTL_0x4d0fc71ead8d3d9e
Used module:         \RegRst_0x9f365fdf6c8998a

3.2. Analyzing design hierarchy..
Top module:  \gcd
Used module:     \GcdUnitDpathRTL_0x4d0fc71ead8d3d9e
Used module:         \RegEn_0x68db79c4ec1d6e5b
Used module:         \Subtractor_0x422b1f52edd46a85
Used module:         \Mux_0xdd6473406d1a99a
Used module:         \Mux_0x683fa1a418b072c9
Used module:         \ZeroComparator_0x422b1f52edd46a85
Used module:         \LtComparator_0x422b1f52edd46a85
Used module:     \GcdUnitCtrlRTL_0x4d0fc71ead8d3d9e
Used module:         \RegRst_0x9f365fdf6c8998a
Removed 0 unused modules.

4. Executing PROC pass (convert processes to netlists).

4.1. Executing PROC_CLEAN pass (remove empty switches from decision trees).
Cleaned up 0 empty switches.

4.2. Executing PROC_RMDEAD pass (remove dead branches from decision trees).
Removed 1 dead cases from process $proc$/workspaces/OpenLane-scl-ref/designs/gcd_scl_ref/src/gcd.v:720$29 in module Mux_0xdd6473406d1a99a.
Marked 1 switch rules as full_case in process $proc$/workspaces/OpenLane-scl-ref/designs/gcd_scl_ref/src/gcd.v:720$29 in module Mux_0xdd6473406d1a99a.
Marked 1 switch rules as full_case in process $proc$/workspaces/OpenLane-scl-ref/designs/gcd_scl_ref/src/gcd.v:679$23 in module Mux_0x683fa1a418b072c9.
Marked 1 switch rules as full_case in process $proc$/workspaces/OpenLane-scl-ref/designs/gcd_scl_ref/src/gcd.v:352$16 in module RegRst_0x9f365fdf6c8998a.
Marked 3 switch rules as full_case in process $proc$/workspaces/OpenLane-scl-ref/designs/gcd_scl_ref/src/gcd.v:277$10 in module GcdUnitCtrlRTL_0x4d0fc71ead8d3d9e.
Marked 6 switch rules as full_case in process $proc$/workspaces/OpenLane-scl-ref/designs/gcd_scl_ref/src/gcd.v:192$1 in module GcdUnitCtrlRTL_0x4d0fc71ead8d3d9e.
Removed a total of 1 dead cases.

4.3. Executing PROC_INIT pass (extract init attributes).

4.4. Executing PROC_ARST pass (detect async resets in processes).

4.5. Executing PROC_MUX pass (convert decision trees to multiplexers).
Creating decoders for process `\Subtractor_0x422b1f52edd46a85.$proc$/workspaces/OpenLane-scl-ref/designs/gcd_scl_ref/src/gcd.v:751$34'.
     1/1: $0\out[15:0]
Creating decoders for process `\Mux_0xdd6473406d1a99a.$proc$/workspaces/OpenLane-scl-ref/designs/gcd_scl_ref/src/gcd.v:693$33'.
     1/2: $0\in_[1][15:0]
     2/2: $0\in_[0][15:0]
Creating decoders for process `\Mux_0xdd6473406d1a99a.$proc$/workspaces/OpenLane-scl-ref/designs/gcd_scl_ref/src/gcd.v:720$29'.
     1/4: $1$mem2reg_rd$\in_$/workspaces/OpenLane-scl-ref/designs/gcd_scl_ref/src/gcd.v:721$28_DATA[15:0]$32
     2/4: $0\out[15:0]
     3/4: $0$mem2reg_rd$\in_$/workspaces/OpenLane-scl-ref/designs/gcd_scl_ref/src/gcd.v:721$28_DATA[15:0]$31
     4/4: $0$mem2reg_rd$\in_$/workspaces/OpenLane-scl-ref/designs/gcd_scl_ref/src/gcd.v:721$28_ADDR[0:0]$30
Creating decoders for process `\Mux_0x683fa1a418b072c9.$proc$/workspaces/OpenLane-scl-ref/designs/gcd_scl_ref/src/gcd.v:650$27'.
     1/3: $0\in_[2][15:0]
     2/3: $0\in_[1][15:0]
     3/3: $0\in_[0][15:0]
Creating decoders for process `\Mux_0x683fa1a418b072c9.$proc$/workspaces/OpenLane-scl-ref/designs/gcd_scl_ref/src/gcd.v:679$23'.
     1/4: $1$mem2reg_rd$\in_$/workspaces/OpenLane-scl-ref/designs/gcd_scl_ref/src/gcd.v:680$22_DATA[15:0]$26
     2/4: $0\out[15:0]
     3/4: $0$mem2reg_rd$\in_$/workspaces/OpenLane-scl-ref/designs/gcd_scl_ref/src/gcd.v:680$22_DATA[15:0]$24
     4/4: $0$mem2reg_rd$\in_$/workspaces/OpenLane-scl-ref/designs/gcd_scl_ref/src/gcd.v:680$22_ADDR[1:0]$25
Creating decoders for process `\ZeroComparator_0x422b1f52edd46a85.$proc$/workspaces/OpenLane-scl-ref/designs/gcd_scl_ref/src/gcd.v:636$20'.
     1/1: $0\out[0:0]
Creating decoders for process `\LtComparator_0x422b1f52edd46a85.$proc$/workspaces/OpenLane-scl-ref/designs/gcd_scl_ref/src/gcd.v:606$18'.
     1/1: $0\out[0:0]
Creating decoders for process `\RegEn_0x68db79c4ec1d6e5b.$proc$/workspaces/OpenLane-scl-ref/designs/gcd_scl_ref/src/gcd.v:571$17'.
     1/1: $0\out[15:0]
Creating decoders for process `\RegRst_0x9f365fdf6c8998a.$proc$/workspaces/OpenLane-scl-ref/designs/gcd_scl_ref/src/gcd.v:352$16'.
     1/1: $0\out[1:0]
Creating decoders for process `\GcdUnitCtrlRTL_0x4d0fc71ead8d3d9e.$proc$/workspaces/OpenLane-scl-ref/designs/gcd_scl_ref/src/gcd.v:277$10'.
     1/31: $3\b_reg_en[0:0]
     2/31: $3\b_mux_sel[0:0]
     3/31: $3\a_reg_en[0:0]
     4/31: $3\a_mux_sel[1:0]
     5/31: $3\resp_val[0:0]
     6/31: $3\req_rdy[0:0]
     7/31: $2\b_reg_en[0:0]
     8/31: $2\b_mux_sel[0:0]
     9/31: $2\a_reg_en[0:0]
    10/31: $2\a_mux_sel[1:0]
    11/31: $2\resp_val[0:0]
    12/31: $2\req_rdy[0:0]
    13/31: $2\do_sub[0:0]
    14/31: $2\do_swap[0:0]
    15/31: $1\b_reg_en[0:0]
    16/31: $1\b_mux_sel[0:0]
    17/31: $1\a_reg_en[0:0]
    18/31: $1\a_mux_sel[1:0]
    19/31: $1\resp_val[0:0]
    20/31: $1\req_rdy[0:0]
    21/31: $1\do_swap[0:0]
    22/31: $1\do_sub[0:0]
    23/31: $0\do_swap[0:0]
    24/31: $0\a_reg_en[0:0]
    25/31: $0\b_reg_en[0:0]
    26/31: $0\b_mux_sel[0:0]
    27/31: $0\a_mux_sel[1:0]
    28/31: $0\do_sub[0:0]
    29/31: $0\req_rdy[0:0]
    30/31: $0\resp_val[0:0]
    31/31: $0\current_state__1[1:0]
Creating decoders for process `\GcdUnitCtrlRTL_0x4d0fc71ead8d3d9e.$proc$/workspaces/OpenLane-scl-ref/designs/gcd_scl_ref/src/gcd.v:192$1'.
     1/9: $6\next_state__0[1:0]
     2/9: $5\next_state__0[1:0]
     3/9: $4\next_state__0[1:0]
     4/9: $3\next_state__0[1:0]
     5/9: $2\next_state__0[1:0]
     6/9: $1\next_state__0[1:0]
     7/9: $0\state$in_[1:0]$2
     8/9: $0\next_state__0[1:0]
     9/9: $0\curr_state__0[1:0]

4.6. Executing PROC_DLATCH pass (convert process syncs to latches).
No latch inferred for signal `\Subtractor_0x422b1f52edd46a85.\out' from process `\Subtractor_0x422b1f52edd46a85.$proc$/workspaces/OpenLane-scl-ref/designs/gcd_scl_ref/src/gcd.v:751$34'.
No latch inferred for signal `\Mux_0xdd6473406d1a99a.\in_[1]' from process `\Mux_0xdd6473406d1a99a.$proc$/workspaces/OpenLane-scl-ref/designs/gcd_scl_ref/src/gcd.v:693$33'.
No latch inferred for signal `\Mux_0xdd6473406d1a99a.\in_[0]' from process `\Mux_0xdd6473406d1a99a.$proc$/workspaces/OpenLane-scl-ref/designs/gcd_scl_ref/src/gcd.v:693$33'.
No latch inferred for signal `\Mux_0xdd6473406d1a99a.\out' from process `\Mux_0xdd6473406d1a99a.$proc$/workspaces/OpenLane-scl-ref/designs/gcd_scl_ref/src/gcd.v:720$29'.
No latch inferred for signal `\Mux_0xdd6473406d1a99a.$mem2reg_rd$\in_$/workspaces/OpenLane-scl-ref/designs/gcd_scl_ref/src/gcd.v:721$28_ADDR' from process `\Mux_0xdd6473406d1a99a.$proc$/workspaces/OpenLane-scl-ref/designs/gcd_scl_ref/src/gcd.v:720$29'.
No latch inferred for signal `\Mux_0xdd6473406d1a99a.$mem2reg_rd$\in_$/workspaces/OpenLane-scl-ref/designs/gcd_scl_ref/src/gcd.v:721$28_DATA' from process `\Mux_0xdd6473406d1a99a.$proc$/workspaces/OpenLane-scl-ref/designs/gcd_scl_ref/src/gcd.v:720$29'.
No latch inferred for signal `\Mux_0x683fa1a418b072c9.\in_[1]' from process `\Mux_0x683fa1a418b072c9.$proc$/workspaces/OpenLane-scl-ref/designs/gcd_scl_ref/src/gcd.v:650$27'.
No latch inferred for signal `\Mux_0x683fa1a418b072c9.\in_[0]' from process `\Mux_0x683fa1a418b072c9.$proc$/workspaces/OpenLane-scl-ref/designs/gcd_scl_ref/src/gcd.v:650$27'.
No latch inferred for signal `\Mux_0x683fa1a418b072c9.\in_[2]' from process `\Mux_0x683fa1a418b072c9.$proc$/workspaces/OpenLane-scl-ref/designs/gcd_scl_ref/src/gcd.v:650$27'.
No latch inferred for signal `\Mux_0x683fa1a418b072c9.\out' from process `\Mux_0x683fa1a418b072c9.$proc$/workspaces/OpenLane-scl-ref/designs/gcd_scl_ref/src/gcd.v:679$23'.
No latch inferred for signal `\Mux_0x683fa1a418b072c9.$mem2reg_rd$\in_$/workspaces/OpenLane-scl-ref/designs/gcd_scl_ref/src/gcd.v:680$22_DATA' from process `\Mux_0x683fa1a418b072c9.$proc$/workspaces/OpenLane-scl-ref/designs/gcd_scl_ref/src/gcd.v:679$23'.
No latch inferred for signal `\Mux_0x683fa1a418b072c9.$mem2reg_rd$\in_$/workspaces/OpenLane-scl-ref/designs/gcd_scl_ref/src/gcd.v:680$22_ADDR' from process `\Mux_0x683fa1a418b072c9.$proc$/workspaces/OpenLane-scl-ref/designs/gcd_scl_ref/src/gcd.v:679$23'.
No latch inferred for signal `\ZeroComparator_0x422b1f52edd46a85.\out' from process `\ZeroComparator_0x422b1f52edd46a85.$proc$/workspaces/OpenLane-scl-ref/designs/gcd_scl_ref/src/gcd.v:636$20'.
No latch inferred for signal `\LtComparator_0x422b1f52edd46a85.\out' from process `\LtComparator_0x422b1f52edd46a85.$proc$/workspaces/OpenLane-scl-ref/designs/gcd_scl_ref/src/gcd.v:606$18'.
No latch inferred for signal `\GcdUnitCtrlRTL_0x4d0fc71ead8d3d9e.\resp_val' from process `\GcdUnitCtrlRTL_0x4d0fc71ead8d3d9e.$proc$/workspaces/OpenLane-scl-ref/designs/gcd_scl_ref/src/gcd.v:277$10'.
No latch inferred for signal `\GcdUnitCtrlRTL_0x4d0fc71ead8d3d9e.\req_rdy' from process `\GcdUnitCtrlRTL_0x4d0fc71ead8d3d9e.$proc$/workspaces/OpenLane-scl-ref/designs/gcd_scl_ref/src/gcd.v:277$10'.
No latch inferred for signal `\GcdUnitCtrlRTL_0x4d0fc71ead8d3d9e.\a_mux_sel' from process `\GcdUnitCtrlRTL_0x4d0fc71ead8d3d9e.$proc$/workspaces/OpenLane-scl-ref/designs/gcd_scl_ref/src/gcd.v:277$10'.
No latch inferred for signal `\GcdUnitCtrlRTL_0x4d0fc71ead8d3d9e.\b_mux_sel' from process `\GcdUnitCtrlRTL_0x4d0fc71ead8d3d9e.$proc$/workspaces/OpenLane-scl-ref/designs/gcd_scl_ref/src/gcd.v:277$10'.
No latch inferred for signal `\GcdUnitCtrlRTL_0x4d0fc71ead8d3d9e.\b_reg_en' from process `\GcdUnitCtrlRTL_0x4d0fc71ead8d3d9e.$proc$/workspaces/OpenLane-scl-ref/designs/gcd_scl_ref/src/gcd.v:277$10'.
No latch inferred for signal `\GcdUnitCtrlRTL_0x4d0fc71ead8d3d9e.\a_reg_en' from process `\GcdUnitCtrlRTL_0x4d0fc71ead8d3d9e.$proc$/workspaces/OpenLane-scl-ref/designs/gcd_scl_ref/src/gcd.v:277$10'.
No latch inferred for signal `\GcdUnitCtrlRTL_0x4d0fc71ead8d3d9e.\current_state__1' from process `\GcdUnitCtrlRTL_0x4d0fc71ead8d3d9e.$proc$/workspaces/OpenLane-scl-ref/designs/gcd_scl_ref/src/gcd.v:277$10'.
Latch inferred for signal `\GcdUnitCtrlRTL_0x4d0fc71ead8d3d9e.\do_sub' from process `\GcdUnitCtrlRTL_0x4d0fc71ead8d3d9e.$proc$/workspaces/OpenLane-scl-ref/designs/gcd_scl_ref/src/gcd.v:277$10': $auto$proc_dlatch.cc:409:proc_dlatch$227
Latch inferred for signal `\GcdUnitCtrlRTL_0x4d0fc71ead8d3d9e.\do_swap' from process `\GcdUnitCtrlRTL_0x4d0fc71ead8d3d9e.$proc$/workspaces/OpenLane-scl-ref/designs/gcd_scl_ref/src/gcd.v:277$10': $auto$proc_dlatch.cc:409:proc_dlatch$230
No latch inferred for signal `\GcdUnitCtrlRTL_0x4d0fc71ead8d3d9e.\state$in_' from process `\GcdUnitCtrlRTL_0x4d0fc71ead8d3d9e.$proc$/workspaces/OpenLane-scl-ref/designs/gcd_scl_ref/src/gcd.v:192$1'.
No latch inferred for signal `\GcdUnitCtrlRTL_0x4d0fc71ead8d3d9e.\curr_state__0' from process `\GcdUnitCtrlRTL_0x4d0fc71ead8d3d9e.$proc$/workspaces/OpenLane-scl-ref/designs/gcd_scl_ref/src/gcd.v:192$1'.
No latch inferred for signal `\GcdUnitCtrlRTL_0x4d0fc71ead8d3d9e.\next_state__0' from process `\GcdUnitCtrlRTL_0x4d0fc71ead8d3d9e.$proc$/workspaces/OpenLane-scl-ref/designs/gcd_scl_ref/src/gcd.v:192$1'.

4.7. Executing PROC_DFF pass (convert process syncs to FFs).
Creating register for signal `\RegEn_0x68db79c4ec1d6e5b.\out' using process `\RegEn_0x68db79c4ec1d6e5b.$proc$/workspaces/OpenLane-scl-ref/designs/gcd_scl_ref/src/gcd.v:571$17'.
  created $dff cell `$procdff$231' with positive edge clock.
Creating register for signal `\RegRst_0x9f365fdf6c8998a.\out' using process `\RegRst_0x9f365fdf6c8998a.$proc$/workspaces/OpenLane-scl-ref/designs/gcd_scl_ref/src/gcd.v:352$16'.
  created $dff cell `$procdff$232' with positive edge clock.

4.8. Executing PROC_CLEAN pass (remove empty switches from decision trees).
Removing empty process `Subtractor_0x422b1f52edd46a85.$proc$/workspaces/OpenLane-scl-ref/designs/gcd_scl_ref/src/gcd.v:751$34'.
Removing empty process `Mux_0xdd6473406d1a99a.$proc$/workspaces/OpenLane-scl-ref/designs/gcd_scl_ref/src/gcd.v:693$33'.
Found and cleaned up 1 empty switch in `\Mux_0xdd6473406d1a99a.$proc$/workspaces/OpenLane-scl-ref/designs/gcd_scl_ref/src/gcd.v:720$29'.
Removing empty process `Mux_0xdd6473406d1a99a.$proc$/workspaces/OpenLane-scl-ref/designs/gcd_scl_ref/src/gcd.v:720$29'.
Removing empty process `Mux_0x683fa1a418b072c9.$proc$/workspaces/OpenLane-scl-ref/designs/gcd_scl_ref/src/gcd.v:650$27'.
Found and cleaned up 1 empty switch in `\Mux_0x683fa1a418b072c9.$proc$/workspaces/OpenLane-scl-ref/designs/gcd_scl_ref/src/gcd.v:679$23'.
Removing empty process `Mux_0x683fa1a418b072c9.$proc$/workspaces/OpenLane-scl-ref/designs/gcd_scl_ref/src/gcd.v:679$23'.
Removing empty process `ZeroComparator_0x422b1f52edd46a85.$proc$/workspaces/OpenLane-scl-ref/designs/gcd_scl_ref/src/gcd.v:636$20'.
Removing empty process `LtComparator_0x422b1f52edd46a85.$proc$/workspaces/OpenLane-scl-ref/designs/gcd_scl_ref/src/gcd.v:606$18'.
Found and cleaned up 1 empty switch in `\RegEn_0x68db79c4ec1d6e5b.$proc$/workspaces/OpenLane-scl-ref/designs/gcd_scl_ref/src/gcd.v:571$17'.
Removing empty process `RegEn_0x68db79c4ec1d6e5b.$proc$/workspaces/OpenLane-scl-ref/designs/gcd_scl_ref/src/gcd.v:571$17'.
Found and cleaned up 1 empty switch in `\RegRst_0x9f365fdf6c8998a.$proc$/workspaces/OpenLane-scl-ref/designs/gcd_scl_ref/src/gcd.v:352$16'.
Removing empty process `RegRst_0x9f365fdf6c8998a.$proc$/workspaces/OpenLane-scl-ref/designs/gcd_scl_ref/src/gcd.v:352$16'.
Found and cleaned up 3 empty switches in `\GcdUnitCtrlRTL_0x4d0fc71ead8d3d9e.$proc$/workspaces/OpenLane-scl-ref/designs/gcd_scl_ref/src/gcd.v:277$10'.
Removing empty process `GcdUnitCtrlRTL_0x4d0fc71ead8d3d9e.$proc$/workspaces/OpenLane-scl-ref/designs/gcd_scl_ref/src/gcd.v:277$10'.
Found and cleaned up 6 empty switches in `\GcdUnitCtrlRTL_0x4d0fc71ead8d3d9e.$proc$/workspaces/OpenLane-scl-ref/designs/gcd_scl_ref/src/gcd.v:192$1'.
Removing empty process `GcdUnitCtrlRTL_0x4d0fc71ead8d3d9e.$proc$/workspaces/OpenLane-scl-ref/designs/gcd_scl_ref/src/gcd.v:192$1'.
Cleaned up 13 empty switches.

5. Executing OPT pass (performing simple optimizations).

5.1. Executing OPT_EXPR pass (perform const folding).
Optimizing module Subtractor_0x422b1f52edd46a85.
Optimizing module Mux_0xdd6473406d1a99a.
<suppressed ~1 debug messages>
Optimizing module Mux_0x683fa1a418b072c9.
<suppressed ~1 debug messages>
Optimizing module ZeroComparator_0x422b1f52edd46a85.
<suppressed ~1 debug messages>
Optimizing module LtComparator_0x422b1f52edd46a85.
Optimizing module RegEn_0x68db79c4ec1d6e5b.
Optimizing module GcdUnitDpathRTL_0x4d0fc71ead8d3d9e.
Optimizing module RegRst_0x9f365fdf6c8998a.
Optimizing module GcdUnitCtrlRTL_0x4d0fc71ead8d3d9e.
<suppressed ~16 debug messages>
Optimizing module gcd.

5.2. Executing OPT_MERGE pass (detect identical cells).
Finding identical cells in module `\Subtractor_0x422b1f52edd46a85'.
Finding identical cells in module `\Mux_0xdd6473406d1a99a'.
Finding identical cells in module `\Mux_0x683fa1a418b072c9'.
Finding identical cells in module `\ZeroComparator_0x422b1f52edd46a85'.
Finding identical cells in module `\LtComparator_0x422b1f52edd46a85'.
Finding identical cells in module `\RegEn_0x68db79c4ec1d6e5b'.
Finding identical cells in module `\GcdUnitDpathRTL_0x4d0fc71ead8d3d9e'.
Finding identical cells in module `\RegRst_0x9f365fdf6c8998a'.
Finding identical cells in module `\GcdUnitCtrlRTL_0x4d0fc71ead8d3d9e'.
<suppressed ~15 debug messages>
Finding identical cells in module `\gcd'.
Removed a total of 5 cells.

5.3. Executing OPT_MUXTREE pass (detect dead branches in mux trees).
Running muxtree optimizer on module \Subtractor_0x422b1f52edd46a85..
  Creating internal representation of mux trees.
  No muxes found in this module.
Running muxtree optimizer on module \Mux_0xdd6473406d1a99a..
  Creating internal representation of mux trees.
  Evaluating internal representation of mux trees.
  Analyzing evaluation results.
Running muxtree optimizer on module \Mux_0x683fa1a418b072c9..
  Creating internal representation of mux trees.
  Evaluating internal representation of mux trees.
  Analyzing evaluation results.
Running muxtree optimizer on module \ZeroComparator_0x422b1f52edd46a85..
  Creating internal representation of mux trees.
  No muxes found in this module.
Running muxtree optimizer on module \LtComparator_0x422b1f52edd46a85..
  Creating internal representation of mux trees.
  No muxes found in this module.
Running muxtree optimizer on module \RegEn_0x68db79c4ec1d6e5b..
  Creating internal representation of mux trees.
  Evaluating internal representation of mux trees.
  Analyzing evaluation results.
Running muxtree optimizer on module \GcdUnitDpathRTL_0x4d0fc71ead8d3d9e..
  Creating internal representation of mux trees.
  No muxes found in this module.
Running muxtree optimizer on module \RegRst_0x9f365fdf6c8998a..
  Creating internal representation of mux trees.
  Evaluating internal representation of mux trees.
  Analyzing evaluation results.
Running muxtree optimizer on module \GcdUnitCtrlRTL_0x4d0fc71ead8d3d9e..
  Creating internal representation of mux trees.
  Evaluating internal representation of mux trees.
  Analyzing evaluation results.
    dead port 2/2 on $mux $procmux$192.
    dead port 2/2 on $mux $procmux$183.
    dead port 2/2 on $mux $procmux$174.
    dead port 1/2 on $mux $procmux$132.
    dead port 1/2 on $mux $procmux$126.
    dead port 1/2 on $mux $procmux$120.
    dead port 1/2 on $mux $procmux$114.
    dead port 1/2 on $mux $procmux$108.
    dead port 1/2 on $mux $procmux$102.
    dead port 1/2 on $mux $procmux$96.
    dead port 1/2 on $mux $procmux$93.
    dead port 1/2 on $mux $procmux$88.
    dead port 1/2 on $mux $procmux$85.
    dead port 1/2 on $mux $procmux$79.
    dead port 1/2 on $mux $procmux$76.
    dead port 1/2 on $mux $procmux$71.
    dead port 1/2 on $mux $procmux$68.
    dead port 1/2 on $mux $procmux$63.
    dead port 1/2 on $mux $procmux$60.
    dead port 1/2 on $mux $procmux$55.
    dead port 1/2 on $mux $procmux$52.
Running muxtree optimizer on module \gcd..
  Creating internal representation of mux trees.
  No muxes found in this module.
Removed 21 multiplexer ports.
<suppressed ~13 debug messages>

5.4. Executing OPT_REDUCE pass (consolidate $*mux and $reduce_* inputs).
  Optimizing cells in module \Subtractor_0x422b1f52edd46a85.
  Optimizing cells in module \Mux_0xdd6473406d1a99a.
  Optimizing cells in module \Mux_0x683fa1a418b072c9.
  Optimizing cells in module \ZeroComparator_0x422b1f52edd46a85.
  Optimizing cells in module \LtComparator_0x422b1f52edd46a85.
  Optimizing cells in module \RegEn_0x68db79c4ec1d6e5b.
  Optimizing cells in module \GcdUnitDpathRTL_0x4d0fc71ead8d3d9e.
  Optimizing cells in module \RegRst_0x9f365fdf6c8998a.
  Optimizing cells in module \GcdUnitCtrlRTL_0x4d0fc71ead8d3d9e.
    New ctrl vector for $mux cell $procmux$129: { }
    New ctrl vector for $mux cell $procmux$105: { }
  Optimizing cells in module \GcdUnitCtrlRTL_0x4d0fc71ead8d3d9e.
  Optimizing cells in module \gcd.
Performed a total of 2 changes.

5.5. Executing OPT_MERGE pass (detect identical cells).
Finding identical cells in module `\Subtractor_0x422b1f52edd46a85'.
Finding identical cells in module `\Mux_0xdd6473406d1a99a'.
Finding identical cells in module `\Mux_0x683fa1a418b072c9'.
Finding identical cells in module `\ZeroComparator_0x422b1f52edd46a85'.
Finding identical cells in module `\LtComparator_0x422b1f52edd46a85'.
Finding identical cells in module `\RegEn_0x68db79c4ec1d6e5b'.
Finding identical cells in module `\GcdUnitDpathRTL_0x4d0fc71ead8d3d9e'.
Finding identical cells in module `\RegRst_0x9f365fdf6c8998a'.
Finding identical cells in module `\GcdUnitCtrlRTL_0x4d0fc71ead8d3d9e'.
<suppressed ~3 debug messages>
Finding identical cells in module `\gcd'.
Removed a total of 1 cells.

5.6. Executing OPT_RMDFF pass (remove dff with constant values).

5.7. Executing OPT_CLEAN pass (remove unused cells and wires).
Finding unused cells or wires in module \Subtractor_0x422b1f52edd46a85..
Finding unused cells or wires in module \Mux_0xdd6473406d1a99a..
Finding unused cells or wires in module \Mux_0x683fa1a418b072c9..
Finding unused cells or wires in module \ZeroComparator_0x422b1f52edd46a85..
Finding unused cells or wires in module \LtComparator_0x422b1f52edd46a85..
Finding unused cells or wires in module \RegEn_0x68db79c4ec1d6e5b..
Finding unused cells or wires in module \GcdUnitDpathRTL_0x4d0fc71ead8d3d9e..
Finding unused cells or wires in module \RegRst_0x9f365fdf6c8998a..
Finding unused cells or wires in module \GcdUnitCtrlRTL_0x4d0fc71ead8d3d9e..
Finding unused cells or wires in module \gcd..
Removed 9 unused cells and 174 unused wires.
<suppressed ~19 debug messages>

5.8. Executing OPT_EXPR pass (perform const folding).
Optimizing module GcdUnitCtrlRTL_0x4d0fc71ead8d3d9e.
Optimizing module GcdUnitDpathRTL_0x4d0fc71ead8d3d9e.
Optimizing module LtComparator_0x422b1f52edd46a85.
Optimizing module Mux_0x683fa1a418b072c9.
Optimizing module Mux_0xdd6473406d1a99a.
Optimizing module RegEn_0x68db79c4ec1d6e5b.
Optimizing module RegRst_0x9f365fdf6c8998a.
Optimizing module Subtractor_0x422b1f52edd46a85.
Optimizing module ZeroComparator_0x422b1f52edd46a85.
Optimizing module gcd.

5.9. Rerunning OPT passes. (Maybe there is more to do..)

5.10. Executing OPT_MUXTREE pass (detect dead branches in mux trees).
Running muxtree optimizer on module \GcdUnitCtrlRTL_0x4d0fc71ead8d3d9e..
  Creating internal representation of mux trees.
  Evaluating internal representation of mux trees.
  Analyzing evaluation results.
Running muxtree optimizer on module \GcdUnitDpathRTL_0x4d0fc71ead8d3d9e..
  Creating internal representation of mux trees.
  No muxes found in this module.
Running muxtree optimizer on module \LtComparator_0x422b1f52edd46a85..
  Creating internal representation of mux trees.
  No muxes found in this module.
Running muxtree optimizer on module \Mux_0x683fa1a418b072c9..
  Creating internal representation of mux trees.
  Evaluating internal representation of mux trees.
  Analyzing evaluation results.
Running muxtree optimizer on module \Mux_0xdd6473406d1a99a..
  Creating internal representation of mux trees.
  Evaluating internal representation of mux trees.
  Analyzing evaluation results.
Running muxtree optimizer on module \RegEn_0x68db79c4ec1d6e5b..
  Creating internal representation of mux trees.
  Evaluating internal representation of mux trees.
  Analyzing evaluation results.
Running muxtree optimizer on module \RegRst_0x9f365fdf6c8998a..
  Creating internal representation of mux trees.
  Evaluating internal representation of mux trees.
  Analyzing evaluation results.
Running muxtree optimizer on module \Subtractor_0x422b1f52edd46a85..
  Creating internal representation of mux trees.
  No muxes found in this module.
Running muxtree optimizer on module \ZeroComparator_0x422b1f52edd46a85..
  Creating internal representation of mux trees.
  No muxes found in this module.
Running muxtree optimizer on module \gcd..
  Creating internal representation of mux trees.
  No muxes found in this module.
Removed 0 multiplexer ports.
<suppressed ~12 debug messages>

5.11. Executing OPT_REDUCE pass (consolidate $*mux and $reduce_* inputs).
  Optimizing cells in module \GcdUnitCtrlRTL_0x4d0fc71ead8d3d9e.
  Optimizing cells in module \GcdUnitDpathRTL_0x4d0fc71ead8d3d9e.
  Optimizing cells in module \LtComparator_0x422b1f52edd46a85.
  Optimizing cells in module \Mux_0x683fa1a418b072c9.
  Optimizing cells in module \Mux_0xdd6473406d1a99a.
  Optimizing cells in module \RegEn_0x68db79c4ec1d6e5b.
  Optimizing cells in module \RegRst_0x9f365fdf6c8998a.
  Optimizing cells in module \Subtractor_0x422b1f52edd46a85.
  Optimizing cells in module \ZeroComparator_0x422b1f52edd46a85.
  Optimizing cells in module \gcd.
Performed a total of 0 changes.

5.12. Executing OPT_MERGE pass (detect identical cells).
Finding identical cells in module `\GcdUnitCtrlRTL_0x4d0fc71ead8d3d9e'.
Finding identical cells in module `\GcdUnitDpathRTL_0x4d0fc71ead8d3d9e'.
Finding identical cells in module `\LtComparator_0x422b1f52edd46a85'.
Finding identical cells in module `\Mux_0x683fa1a418b072c9'.
Finding identical cells in module `\Mux_0xdd6473406d1a99a'.
Finding identical cells in module `\RegEn_0x68db79c4ec1d6e5b'.
Finding identical cells in module `\RegRst_0x9f365fdf6c8998a'.
Finding identical cells in module `\Subtractor_0x422b1f52edd46a85'.
Finding identical cells in module `\ZeroComparator_0x422b1f52edd46a85'.
Finding identical cells in module `\gcd'.
Removed a total of 0 cells.

5.13. Executing OPT_RMDFF pass (remove dff with constant values).

5.14. Executing OPT_CLEAN pass (remove unused cells and wires).
Finding unused cells or wires in module \GcdUnitCtrlRTL_0x4d0fc71ead8d3d9e..
Finding unused cells or wires in module \GcdUnitDpathRTL_0x4d0fc71ead8d3d9e..
Finding unused cells or wires in module \LtComparator_0x422b1f52edd46a85..
Finding unused cells or wires in module \Mux_0x683fa1a418b072c9..
Finding unused cells or wires in module \Mux_0xdd6473406d1a99a..
Finding unused cells or wires in module \RegEn_0x68db79c4ec1d6e5b..
Finding unused cells or wires in module \RegRst_0x9f365fdf6c8998a..
Finding unused cells or wires in module \Subtractor_0x422b1f52edd46a85..
Finding unused cells or wires in module \ZeroComparator_0x422b1f52edd46a85..
Finding unused cells or wires in module \gcd..

5.15. Executing OPT_EXPR pass (perform const folding).
Optimizing module GcdUnitCtrlRTL_0x4d0fc71ead8d3d9e.
Optimizing module GcdUnitDpathRTL_0x4d0fc71ead8d3d9e.
Optimizing module LtComparator_0x422b1f52edd46a85.
Optimizing module Mux_0x683fa1a418b072c9.
Optimizing module Mux_0xdd6473406d1a99a.
Optimizing module RegEn_0x68db79c4ec1d6e5b.
Optimizing module RegRst_0x9f365fdf6c8998a.
Optimizing module Subtractor_0x422b1f52edd46a85.
Optimizing module ZeroComparator_0x422b1f52edd46a85.
Optimizing module gcd.

5.16. Finished OPT passes. (There is nothing left to do.)

6. Executing FSM pass (extract and optimize FSM).

6.1. Executing FSM_DETECT pass (finding FSMs in design).

6.2. Executing FSM_EXTRACT pass (extracting FSM from design).

6.3. Executing FSM_OPT pass (simple optimizations of FSMs).

6.4. Executing OPT_CLEAN pass (remove unused cells and wires).
Finding unused cells or wires in module \GcdUnitCtrlRTL_0x4d0fc71ead8d3d9e..
Finding unused cells or wires in module \GcdUnitDpathRTL_0x4d0fc71ead8d3d9e..
Finding unused cells or wires in module \LtComparator_0x422b1f52edd46a85..
Finding unused cells or wires in module \Mux_0x683fa1a418b072c9..
Finding unused cells or wires in module \Mux_0xdd6473406d1a99a..
Finding unused cells or wires in module \RegEn_0x68db79c4ec1d6e5b..
Finding unused cells or wires in module \RegRst_0x9f365fdf6c8998a..
Finding unused cells or wires in module \Subtractor_0x422b1f52edd46a85..
Finding unused cells or wires in module \ZeroComparator_0x422b1f52edd46a85..
Finding unused cells or wires in module \gcd..

6.5. Executing FSM_OPT pass (simple optimizations of FSMs).

6.6. Executing FSM_RECODE pass (re-assigning FSM state encoding).

6.7. Executing FSM_INFO pass (dumping all available information on FSM cells).

6.8. Executing FSM_MAP pass (mapping FSMs to basic logic).

7. Executing OPT pass (performing simple optimizations).

7.1. Executing OPT_EXPR pass (perform const folding).
Optimizing module GcdUnitCtrlRTL_0x4d0fc71ead8d3d9e.
Optimizing module GcdUnitDpathRTL_0x4d0fc71ead8d3d9e.
Optimizing module LtComparator_0x422b1f52edd46a85.
Optimizing module Mux_0x683fa1a418b072c9.
Optimizing module Mux_0xdd6473406d1a99a.
Optimizing module RegEn_0x68db79c4ec1d6e5b.
Optimizing module RegRst_0x9f365fdf6c8998a.
Optimizing module Subtractor_0x422b1f52edd46a85.
Optimizing module ZeroComparator_0x422b1f52edd46a85.
Optimizing module gcd.

7.2. Executing OPT_MERGE pass (detect identical cells).
Finding identical cells in module `\GcdUnitCtrlRTL_0x4d0fc71ead8d3d9e'.
Finding identical cells in module `\GcdUnitDpathRTL_0x4d0fc71ead8d3d9e'.
Finding identical cells in module `\LtComparator_0x422b1f52edd46a85'.
Finding identical cells in module `\Mux_0x683fa1a418b072c9'.
Finding identical cells in module `\Mux_0xdd6473406d1a99a'.
Finding identical cells in module `\RegEn_0x68db79c4ec1d6e5b'.
Finding identical cells in module `\RegRst_0x9f365fdf6c8998a'.
Finding identical cells in module `\Subtractor_0x422b1f52edd46a85'.
Finding identical cells in module `\ZeroComparator_0x422b1f52edd46a85'.
Finding identical cells in module `\gcd'.
Removed a total of 0 cells.

7.3. Executing OPT_MUXTREE pass (detect dead branches in mux trees).
Running muxtree optimizer on module \GcdUnitCtrlRTL_0x4d0fc71ead8d3d9e..
  Creating internal representation of mux trees.
  Evaluating internal representation of mux trees.
  Analyzing evaluation results.
Running muxtree optimizer on module \GcdUnitDpathRTL_0x4d0fc71ead8d3d9e..
  Creating internal representation of mux trees.
  No muxes found in this module.
Running muxtree optimizer on module \LtComparator_0x422b1f52edd46a85..
  Creating internal representation of mux trees.
  No muxes found in this module.
Running muxtree optimizer on module \Mux_0x683fa1a418b072c9..
  Creating internal representation of mux trees.
  Evaluating internal representation of mux trees.
  Analyzing evaluation results.
Running muxtree optimizer on module \Mux_0xdd6473406d1a99a..
  Creating internal representation of mux trees.
  Evaluating internal representation of mux trees.
  Analyzing evaluation results.
Running muxtree optimizer on module \RegEn_0x68db79c4ec1d6e5b..
  Creating internal representation of mux trees.
  Evaluating internal representation of mux trees.
  Analyzing evaluation results.
Running muxtree optimizer on module \RegRst_0x9f365fdf6c8998a..
  Creating internal representation of mux trees.
  Evaluating internal representation of mux trees.
  Analyzing evaluation results.
Running muxtree optimizer on module \Subtractor_0x422b1f52edd46a85..
  Creating internal representation of mux trees.
  No muxes found in this module.
Running muxtree optimizer on module \ZeroComparator_0x422b1f52edd46a85..
  Creating internal representation of mux trees.
  No muxes found in this module.
Running muxtree optimizer on module \gcd..
  Creating internal representation of mux trees.
  No muxes found in this module.
Removed 0 multiplexer ports.
<suppressed ~12 debug messages>

7.4. Executing OPT_REDUCE pass (consolidate $*mux and $reduce_* inputs).
  Optimizing cells in module \GcdUnitCtrlRTL_0x4d0fc71ead8d3d9e.
  Optimizing cells in module \GcdUnitDpathRTL_0x4d0fc71ead8d3d9e.
  Optimizing cells in module \LtComparator_0x422b1f52edd46a85.
  Optimizing cells in module \Mux_0x683fa1a418b072c9.
  Optimizing cells in module \Mux_0xdd6473406d1a99a.
  Optimizing cells in module \RegEn_0x68db79c4ec1d6e5b.
  Optimizing cells in module \RegRst_0x9f365fdf6c8998a.
  Optimizing cells in module \Subtractor_0x422b1f52edd46a85.
  Optimizing cells in module \ZeroComparator_0x422b1f52edd46a85.
  Optimizing cells in module \gcd.
Performed a total of 0 changes.

7.5. Executing OPT_MERGE pass (detect identical cells).
Finding identical cells in module `\GcdUnitCtrlRTL_0x4d0fc71ead8d3d9e'.
Finding identical cells in module `\GcdUnitDpathRTL_0x4d0fc71ead8d3d9e'.
Finding identical cells in module `\LtComparator_0x422b1f52edd46a85'.
Finding identical cells in module `\Mux_0x683fa1a418b072c9'.
Finding identical cells in module `\Mux_0xdd6473406d1a99a'.
Finding identical cells in module `\RegEn_0x68db79c4ec1d6e5b'.
Finding identical cells in module `\RegRst_0x9f365fdf6c8998a'.
Finding identical cells in module `\Subtractor_0x422b1f52edd46a85'.
Finding identical cells in module `\ZeroComparator_0x422b1f52edd46a85'.
Finding identical cells in module `\gcd'.
Removed a total of 0 cells.

7.6. Executing OPT_RMDFF pass (remove dff with constant values).

7.7. Executing OPT_CLEAN pass (remove unused cells and wires).
Finding unused cells or wires in module \GcdUnitCtrlRTL_0x4d0fc71ead8d3d9e..
Finding unused cells or wires in module \GcdUnitDpathRTL_0x4d0fc71ead8d3d9e..
Finding unused cells or wires in module \LtComparator_0x422b1f52edd46a85..
Finding unused cells or wires in module \Mux_0x683fa1a418b072c9..
Finding unused cells or wires in module \Mux_0xdd6473406d1a99a..
Finding unused cells or wires in module \RegEn_0x68db79c4ec1d6e5b..
Finding unused cells or wires in module \RegRst_0x9f365fdf6c8998a..
Finding unused cells or wires in module \Subtractor_0x422b1f52edd46a85..
Finding unused cells or wires in module \ZeroComparator_0x422b1f52edd46a85..
Finding unused cells or wires in module \gcd..

7.8. Executing OPT_EXPR pass (perform const folding).
Optimizing module GcdUnitCtrlRTL_0x4d0fc71ead8d3d9e.
Optimizing module GcdUnitDpathRTL_0x4d0fc71ead8d3d9e.
Optimizing module LtComparator_0x422b1f52edd46a85.
Optimizing module Mux_0x683fa1a418b072c9.
Optimizing module Mux_0xdd6473406d1a99a.
Optimizing module RegEn_0x68db79c4ec1d6e5b.
Optimizing module RegRst_0x9f365fdf6c8998a.
Optimizing module Subtractor_0x422b1f52edd46a85.
Optimizing module ZeroComparator_0x422b1f52edd46a85.
Optimizing module gcd.

7.9. Finished OPT passes. (There is nothing left to do.)

8. Executing MEMORY pass.

8.1. Executing MEMORY_DFF pass (merging $dff cells to $memrd and $memwr).

8.2. Executing OPT_CLEAN pass (remove unused cells and wires).
Finding unused cells or wires in module \GcdUnitCtrlRTL_0x4d0fc71ead8d3d9e..
Finding unused cells or wires in module \GcdUnitDpathRTL_0x4d0fc71ead8d3d9e..
Finding unused cells or wires in module \LtComparator_0x422b1f52edd46a85..
Finding unused cells or wires in module \Mux_0x683fa1a418b072c9..
Finding unused cells or wires in module \Mux_0xdd6473406d1a99a..
Finding unused cells or wires in module \RegEn_0x68db79c4ec1d6e5b..
Finding unused cells or wires in module \RegRst_0x9f365fdf6c8998a..
Finding unused cells or wires in module \Subtractor_0x422b1f52edd46a85..
Finding unused cells or wires in module \ZeroComparator_0x422b1f52edd46a85..
Finding unused cells or wires in module \gcd..

8.3. Executing MEMORY_SHARE pass (consolidating $memrd/$memwr cells).

8.4. Executing OPT_CLEAN pass (remove unused cells and wires).
Finding unused cells or wires in module \GcdUnitCtrlRTL_0x4d0fc71ead8d3d9e..
Finding unused cells or wires in module \GcdUnitDpathRTL_0x4d0fc71ead8d3d9e..
Finding unused cells or wires in module \LtComparator_0x422b1f52edd46a85..
Finding unused cells or wires in module \Mux_0x683fa1a418b072c9..
Finding unused cells or wires in module \Mux_0xdd6473406d1a99a..
Finding unused cells or wires in module \RegEn_0x68db79c4ec1d6e5b..
Finding unused cells or wires in module \RegRst_0x9f365fdf6c8998a..
Finding unused cells or wires in module \Subtractor_0x422b1f52edd46a85..
Finding unused cells or wires in module \ZeroComparator_0x422b1f52edd46a85..
Finding unused cells or wires in module \gcd..

8.5. Executing MEMORY_COLLECT pass (generating $mem cells).

8.6. Executing MEMORY_MAP pass (converting $mem cells to logic and flip-flops).

9. Executing OPT pass (performing simple optimizations).

9.1. Executing OPT_EXPR pass (perform const folding).
Optimizing module GcdUnitCtrlRTL_0x4d0fc71ead8d3d9e.
Optimizing module GcdUnitDpathRTL_0x4d0fc71ead8d3d9e.
Optimizing module LtComparator_0x422b1f52edd46a85.
Optimizing module Mux_0x683fa1a418b072c9.
Optimizing module Mux_0xdd6473406d1a99a.
Optimizing module RegEn_0x68db79c4ec1d6e5b.
Optimizing module RegRst_0x9f365fdf6c8998a.
Optimizing module Subtractor_0x422b1f52edd46a85.
Optimizing module ZeroComparator_0x422b1f52edd46a85.
Optimizing module gcd.

9.2. Executing OPT_MERGE pass (detect identical cells).
Finding identical cells in module `\GcdUnitCtrlRTL_0x4d0fc71ead8d3d9e'.
Finding identical cells in module `\GcdUnitDpathRTL_0x4d0fc71ead8d3d9e'.
Finding identical cells in module `\LtComparator_0x422b1f52edd46a85'.
Finding identical cells in module `\Mux_0x683fa1a418b072c9'.
Finding identical cells in module `\Mux_0xdd6473406d1a99a'.
Finding identical cells in module `\RegEn_0x68db79c4ec1d6e5b'.
Finding identical cells in module `\RegRst_0x9f365fdf6c8998a'.
Finding identical cells in module `\Subtractor_0x422b1f52edd46a85'.
Finding identical cells in module `\ZeroComparator_0x422b1f52edd46a85'.
Finding identical cells in module `\gcd'.
Removed a total of 0 cells.

9.3. Executing OPT_MUXTREE pass (detect dead branches in mux trees).
Running muxtree optimizer on module \GcdUnitCtrlRTL_0x4d0fc71ead8d3d9e..
  Creating internal representation of mux trees.
  Evaluating internal representation of mux trees.
  Analyzing evaluation results.
Running muxtree optimizer on module \GcdUnitDpathRTL_0x4d0fc71ead8d3d9e..
  Creating internal representation of mux trees.
  No muxes found in this module.
Running muxtree optimizer on module \LtComparator_0x422b1f52edd46a85..
  Creating internal representation of mux trees.
  No muxes found in this module.
Running muxtree optimizer on module \Mux_0x683fa1a418b072c9..
  Creating internal representation of mux trees.
  Evaluating internal representation of mux trees.
  Analyzing evaluation results.
Running muxtree optimizer on module \Mux_0xdd6473406d1a99a..
  Creating internal representation of mux trees.
  Evaluating internal representation of mux trees.
  Analyzing evaluation results.
Running muxtree optimizer on module \RegEn_0x68db79c4ec1d6e5b..
  Creating internal representation of mux trees.
  Evaluating internal representation of mux trees.
  Analyzing evaluation results.
Running muxtree optimizer on module \RegRst_0x9f365fdf6c8998a..
  Creating internal representation of mux trees.
  Evaluating internal representation of mux trees.
  Analyzing evaluation results.
Running muxtree optimizer on module \Subtractor_0x422b1f52edd46a85..
  Creating internal representation of mux trees.
  No muxes found in this module.
Running muxtree optimizer on module \ZeroComparator_0x422b1f52edd46a85..
  Creating internal representation of mux trees.
  No muxes found in this module.
Running muxtree optimizer on module \gcd..
  Creating internal representation of mux trees.
  No muxes found in this module.
Removed 0 multiplexer ports.
<suppressed ~12 debug messages>

9.4. Executing OPT_REDUCE pass (consolidate $*mux and $reduce_* inputs).
  Optimizing cells in module \GcdUnitCtrlRTL_0x4d0fc71ead8d3d9e.
  Optimizing cells in module \GcdUnitDpathRTL_0x4d0fc71ead8d3d9e.
  Optimizing cells in module \LtComparator_0x422b1f52edd46a85.
  Optimizing cells in module \Mux_0x683fa1a418b072c9.
  Optimizing cells in module \Mux_0xdd6473406d1a99a.
  Optimizing cells in module \RegEn_0x68db79c4ec1d6e5b.
  Optimizing cells in module \RegRst_0x9f365fdf6c8998a.
  Optimizing cells in module \Subtractor_0x422b1f52edd46a85.
  Optimizing cells in module \ZeroComparator_0x422b1f52edd46a85.
  Optimizing cells in module \gcd.
Performed a total of 0 changes.

9.5. Executing OPT_MERGE pass (detect identical cells).
Finding identical cells in module `\GcdUnitCtrlRTL_0x4d0fc71ead8d3d9e'.
Finding identical cells in module `\GcdUnitDpathRTL_0x4d0fc71ead8d3d9e'.
Finding identical cells in module `\LtComparator_0x422b1f52edd46a85'.
Finding identical cells in module `\Mux_0x683fa1a418b072c9'.
Finding identical cells in module `\Mux_0xdd6473406d1a99a'.
Finding identical cells in module `\RegEn_0x68db79c4ec1d6e5b'.
Finding identical cells in module `\RegRst_0x9f365fdf6c8998a'.
Finding identical cells in module `\Subtractor_0x422b1f52edd46a85'.
Finding identical cells in module `\ZeroComparator_0x422b1f52edd46a85'.
Finding identical cells in module `\gcd'.
Removed a total of 0 cells.

9.6. Executing OPT_RMDFF pass (remove dff with constant values).

9.7. Executing OPT_CLEAN pass (remove unused cells and wires).
Finding unused cells or wires in module \GcdUnitCtrlRTL_0x4d0fc71ead8d3d9e..
Finding unused cells or wires in module \GcdUnitDpathRTL_0x4d0fc71ead8d3d9e..
Finding unused cells or wires in module \LtComparator_0x422b1f52edd46a85..
Finding unused cells or wires in module \Mux_0x683fa1a418b072c9..
Finding unused cells or wires in module \Mux_0xdd6473406d1a99a..
Finding unused cells or wires in module \RegEn_0x68db79c4ec1d6e5b..
Finding unused cells or wires in module \RegRst_0x9f365fdf6c8998a..
Finding unused cells or wires in module \Subtractor_0x422b1f52edd46a85..
Finding unused cells or wires in module \ZeroComparator_0x422b1f52edd46a85..
Finding unused cells or wires in module \gcd..

9.8. Executing OPT_EXPR pass (perform const folding).
Optimizing module GcdUnitCtrlRTL_0x4d0fc71ead8d3d9e.
Optimizing module GcdUnitDpathRTL_0x4d0fc71ead8d3d9e.
Optimizing module LtComparator_0x422b1f52edd46a85.
Optimizing module Mux_0x683fa1a418b072c9.
Optimizing module Mux_0xdd6473406d1a99a.
Optimizing module RegEn_0x68db79c4ec1d6e5b.
Optimizing module RegRst_0x9f365fdf6c8998a.
Optimizing module Subtractor_0x422b1f52edd46a85.
Optimizing module ZeroComparator_0x422b1f52edd46a85.
Optimizing module gcd.

9.9. Finished OPT passes. (There is nothing left to do.)

10. Executing TECHMAP pass (map to technology primitives).

10.1. Executing Verilog-2005 frontend: <techmap.v>
Parsing Verilog input from `<techmap.v>' to AST representation.
Generating RTLIL representation for module `\_90_simplemap_bool_ops'.
Generating RTLIL representation for module `\_90_simplemap_reduce_ops'.
Generating RTLIL representation for module `\_90_simplemap_logic_ops'.
Generating RTLIL representation for module `\_90_simplemap_compare_ops'.
Generating RTLIL representation for module `\_90_simplemap_various'.
Generating RTLIL representation for module `\_90_simplemap_registers'.
Generating RTLIL representation for module `\_90_shift_ops_shr_shl_sshl_sshr'.
Generating RTLIL representation for module `\_90_shift_shiftx'.
Generating RTLIL representation for module `\_90_fa'.
Generating RTLIL representation for module `\_90_lcu'.
Generating RTLIL representation for module `\_90_alu'.
Generating RTLIL representation for module `\_90_macc'.
Generating RTLIL representation for module `\_90_alumacc'.
Generating RTLIL representation for module `\$__div_mod_u'.
Generating RTLIL representation for module `\$__div_mod'.
Generating RTLIL representation for module `\_90_div'.
Generating RTLIL representation for module `\_90_mod'.
Generating RTLIL representation for module `\_90_pow'.
Generating RTLIL representation for module `\_90_pmux'.
Generating RTLIL representation for module `\_90_lut'.
Successfully finished Verilog frontend.

10.2. Continuing TECHMAP pass.
Using extmapper simplemap for cells of type $logic_and.
Using extmapper simplemap for cells of type $logic_not.
Using extmapper simplemap for cells of type $eq.
Using extmapper simplemap for cells of type $mux.
Using extmapper simplemap for cells of type $dff.
Using template $paramod\_90_pmux\WIDTH=16\S_WIDTH=3 for cells of type $pmux.
Using extmapper simplemap for cells of type $reduce_or.
Using extmapper simplemap for cells of type $and.
Running "alumacc" on wrapper $extern:wrap:$lt:A_SIGNED=0:A_WIDTH=16:B_SIGNED=0:B_WIDTH=16:Y_WIDTH=1:394426c56d1a028ba8fdd5469b163e04011def47.
Using template $extern:wrap:$lt:A_SIGNED=0:A_WIDTH=16:B_SIGNED=0:B_WIDTH=16:Y_WIDTH=1:394426c56d1a028ba8fdd5469b163e04011def47 for cells of type $extern:wrap:$lt:A_SIGNED=0:A_WIDTH=16:B_SIGNED=0:B_WIDTH=16:Y_WIDTH=1:394426c56d1a028ba8fdd5469b163e04011def47.
Using template $paramod\_90_alu\A_SIGNED=0\B_SIGNED=0\A_WIDTH=16\B_WIDTH=16\Y_WIDTH=16 for cells of type $alu.
Using extmapper simplemap for cells of type $not.
Using extmapper simplemap for cells of type $xor.
Using template $paramod\_90_lcu\WIDTH=16 for cells of type $lcu.
Using extmapper simplemap for cells of type $pos.
Using extmapper simplemap for cells of type $or.
Using template $paramod\_90_pmux\WIDTH=16\S_WIDTH=2 for cells of type $pmux.
Running "alumacc" on wrapper $extern:wrap:$sub:A_SIGNED=0:A_WIDTH=16:B_SIGNED=0:B_WIDTH=16:Y_WIDTH=16:394426c56d1a028ba8fdd5469b163e04011def47.
Using template $extern:wrap:$sub:A_SIGNED=0:A_WIDTH=16:B_SIGNED=0:B_WIDTH=16:Y_WIDTH=16:394426c56d1a028ba8fdd5469b163e04011def47 for cells of type $extern:wrap:$sub:A_SIGNED=0:A_WIDTH=16:B_SIGNED=0:B_WIDTH=16:Y_WIDTH=16:394426c56d1a028ba8fdd5469b163e04011def47.
No more expansions possible.
<suppressed ~427 debug messages>

11. Executing OPT pass (performing simple optimizations).

11.1. Executing OPT_EXPR pass (perform const folding).
Optimizing module GcdUnitCtrlRTL_0x4d0fc71ead8d3d9e.
<suppressed ~51 debug messages>
Optimizing module GcdUnitDpathRTL_0x4d0fc71ead8d3d9e.
Optimizing module LtComparator_0x422b1f52edd46a85.
<suppressed ~18 debug messages>
Optimizing module Mux_0x683fa1a418b072c9.
<suppressed ~2 debug messages>
Optimizing module Mux_0xdd6473406d1a99a.
<suppressed ~17 debug messages>
Optimizing module RegEn_0x68db79c4ec1d6e5b.
Optimizing module RegRst_0x9f365fdf6c8998a.
Optimizing module Subtractor_0x422b1f52edd46a85.
<suppressed ~18 debug messages>
Optimizing module ZeroComparator_0x422b1f52edd46a85.
Optimizing module gcd.

11.2. Executing OPT_MERGE pass (detect identical cells).
Finding identical cells in module `\GcdUnitCtrlRTL_0x4d0fc71ead8d3d9e'.
<suppressed ~15 debug messages>
Finding identical cells in module `\GcdUnitDpathRTL_0x4d0fc71ead8d3d9e'.
Finding identical cells in module `\LtComparator_0x422b1f52edd46a85'.
Finding identical cells in module `\Mux_0x683fa1a418b072c9'.
Finding identical cells in module `\Mux_0xdd6473406d1a99a'.
Finding identical cells in module `\RegEn_0x68db79c4ec1d6e5b'.
Finding identical cells in module `\RegRst_0x9f365fdf6c8998a'.
Finding identical cells in module `\Subtractor_0x422b1f52edd46a85'.
Finding identical cells in module `\ZeroComparator_0x422b1f52edd46a85'.
Finding identical cells in module `\gcd'.
Removed a total of 5 cells.

11.3. Executing OPT_MUXTREE pass (detect dead branches in mux trees).
Running muxtree optimizer on module \GcdUnitCtrlRTL_0x4d0fc71ead8d3d9e..
  Creating internal representation of mux trees.
  No muxes found in this module.
Running muxtree optimizer on module \GcdUnitDpathRTL_0x4d0fc71ead8d3d9e..
  Creating internal representation of mux trees.
  No muxes found in this module.
Running muxtree optimizer on module \LtComparator_0x422b1f52edd46a85..
  Creating internal representation of mux trees.
  No muxes found in this module.
Running muxtree optimizer on module \Mux_0x683fa1a418b072c9..
  Creating internal representation of mux trees.
  No muxes found in this module.
Running muxtree optimizer on module \Mux_0xdd6473406d1a99a..
  Creating internal representation of mux trees.
  No muxes found in this module.
Running muxtree optimizer on module \RegEn_0x68db79c4ec1d6e5b..
  Creating internal representation of mux trees.
  No muxes found in this module.
Running muxtree optimizer on module \RegRst_0x9f365fdf6c8998a..
  Creating internal representation of mux trees.
  No muxes found in this module.
Running muxtree optimizer on module \Subtractor_0x422b1f52edd46a85..
  Creating internal representation of mux trees.
  No muxes found in this module.
Running muxtree optimizer on module \ZeroComparator_0x422b1f52edd46a85..
  Creating internal representation of mux trees.
  No muxes found in this module.
Running muxtree optimizer on module \gcd..
  Creating internal representation of mux trees.
  No muxes found in this module.
Removed 0 multiplexer ports.

11.4. Executing OPT_REDUCE pass (consolidate $*mux and $reduce_* inputs).
  Optimizing cells in module \GcdUnitCtrlRTL_0x4d0fc71ead8d3d9e.
  Optimizing cells in module \GcdUnitDpathRTL_0x4d0fc71ead8d3d9e.
  Optimizing cells in module \LtComparator_0x422b1f52edd46a85.
  Optimizing cells in module \Mux_0x683fa1a418b072c9.
  Optimizing cells in module \Mux_0xdd6473406d1a99a.
  Optimizing cells in module \RegEn_0x68db79c4ec1d6e5b.
  Optimizing cells in module \RegRst_0x9f365fdf6c8998a.
  Optimizing cells in module \Subtractor_0x422b1f52edd46a85.
  Optimizing cells in module \ZeroComparator_0x422b1f52edd46a85.
  Optimizing cells in module \gcd.
Performed a total of 0 changes.

11.5. Executing OPT_MERGE pass (detect identical cells).
Finding identical cells in module `\GcdUnitCtrlRTL_0x4d0fc71ead8d3d9e'.
Finding identical cells in module `\GcdUnitDpathRTL_0x4d0fc71ead8d3d9e'.
Finding identical cells in module `\LtComparator_0x422b1f52edd46a85'.
Finding identical cells in module `\Mux_0x683fa1a418b072c9'.
Finding identical cells in module `\Mux_0xdd6473406d1a99a'.
Finding identical cells in module `\RegEn_0x68db79c4ec1d6e5b'.
Finding identical cells in module `\RegRst_0x9f365fdf6c8998a'.
Finding identical cells in module `\Subtractor_0x422b1f52edd46a85'.
Finding identical cells in module `\ZeroComparator_0x422b1f52edd46a85'.
Finding identical cells in module `\gcd'.
Removed a total of 0 cells.

11.6. Executing OPT_RMDFF pass (remove dff with constant values).

11.7. Executing OPT_CLEAN pass (remove unused cells and wires).
Finding unused cells or wires in module \GcdUnitCtrlRTL_0x4d0fc71ead8d3d9e..
Finding unused cells or wires in module \GcdUnitDpathRTL_0x4d0fc71ead8d3d9e..
Finding unused cells or wires in module \LtComparator_0x422b1f52edd46a85..
Finding unused cells or wires in module \Mux_0x683fa1a418b072c9..
Finding unused cells or wires in module \Mux_0xdd6473406d1a99a..
Finding unused cells or wires in module \RegEn_0x68db79c4ec1d6e5b..
Finding unused cells or wires in module \RegRst_0x9f365fdf6c8998a..
Finding unused cells or wires in module \Subtractor_0x422b1f52edd46a85..
Finding unused cells or wires in module \ZeroComparator_0x422b1f52edd46a85..
Finding unused cells or wires in module \gcd..
Removed 50 unused cells and 199 unused wires.
<suppressed ~55 debug messages>

11.8. Executing OPT_EXPR pass (perform const folding).
Optimizing module GcdUnitCtrlRTL_0x4d0fc71ead8d3d9e.
Optimizing module GcdUnitDpathRTL_0x4d0fc71ead8d3d9e.
Optimizing module LtComparator_0x422b1f52edd46a85.
Optimizing module Mux_0x683fa1a418b072c9.
Optimizing module Mux_0xdd6473406d1a99a.
Optimizing module RegEn_0x68db79c4ec1d6e5b.
Optimizing module RegRst_0x9f365fdf6c8998a.
Optimizing module Subtractor_0x422b1f52edd46a85.
Optimizing module ZeroComparator_0x422b1f52edd46a85.
Optimizing module gcd.

11.9. Rerunning OPT passes. (Maybe there is more to do..)

11.10. Executing OPT_MUXTREE pass (detect dead branches in mux trees).
Running muxtree optimizer on module \GcdUnitCtrlRTL_0x4d0fc71ead8d3d9e..
  Creating internal representation of mux trees.
  No muxes found in this module.
Running muxtree optimizer on module \GcdUnitDpathRTL_0x4d0fc71ead8d3d9e..
  Creating internal representation of mux trees.
  No muxes found in this module.
Running muxtree optimizer on module \LtComparator_0x422b1f52edd46a85..
  Creating internal representation of mux trees.
  No muxes found in this module.
Running muxtree optimizer on module \Mux_0x683fa1a418b072c9..
  Creating internal representation of mux trees.
  No muxes found in this module.
Running muxtree optimizer on module \Mux_0xdd6473406d1a99a..
  Creating internal representation of mux trees.
  No muxes found in this module.
Running muxtree optimizer on module \RegEn_0x68db79c4ec1d6e5b..
  Creating internal representation of mux trees.
  No muxes found in this module.
Running muxtree optimizer on module \RegRst_0x9f365fdf6c8998a..
  Creating internal representation of mux trees.
  No muxes found in this module.
Running muxtree optimizer on module \Subtractor_0x422b1f52edd46a85..
  Creating internal representation of mux trees.
  No muxes found in this module.
Running muxtree optimizer on module \ZeroComparator_0x422b1f52edd46a85..
  Creating internal representation of mux trees.
  No muxes found in this module.
Running muxtree optimizer on module \gcd..
  Creating internal representation of mux trees.
  No muxes found in this module.
Removed 0 multiplexer ports.

11.11. Executing OPT_REDUCE pass (consolidate $*mux and $reduce_* inputs).
  Optimizing cells in module \GcdUnitCtrlRTL_0x4d0fc71ead8d3d9e.
  Optimizing cells in module \GcdUnitDpathRTL_0x4d0fc71ead8d3d9e.
  Optimizing cells in module \LtComparator_0x422b1f52edd46a85.
  Optimizing cells in module \Mux_0x683fa1a418b072c9.
  Optimizing cells in module \Mux_0xdd6473406d1a99a.
  Optimizing cells in module \RegEn_0x68db79c4ec1d6e5b.
  Optimizing cells in module \RegRst_0x9f365fdf6c8998a.
  Optimizing cells in module \Subtractor_0x422b1f52edd46a85.
  Optimizing cells in module \ZeroComparator_0x422b1f52edd46a85.
  Optimizing cells in module \gcd.
Performed a total of 0 changes.

11.12. Executing OPT_MERGE pass (detect identical cells).
Finding identical cells in module `\GcdUnitCtrlRTL_0x4d0fc71ead8d3d9e'.
Finding identical cells in module `\GcdUnitDpathRTL_0x4d0fc71ead8d3d9e'.
Finding identical cells in module `\LtComparator_0x422b1f52edd46a85'.
Finding identical cells in module `\Mux_0x683fa1a418b072c9'.
Finding identical cells in module `\Mux_0xdd6473406d1a99a'.
Finding identical cells in module `\RegEn_0x68db79c4ec1d6e5b'.
Finding identical cells in module `\RegRst_0x9f365fdf6c8998a'.
Finding identical cells in module `\Subtractor_0x422b1f52edd46a85'.
Finding identical cells in module `\ZeroComparator_0x422b1f52edd46a85'.
Finding identical cells in module `\gcd'.
Removed a total of 0 cells.

11.13. Executing OPT_RMDFF pass (remove dff with constant values).

11.14. Executing OPT_CLEAN pass (remove unused cells and wires).
Finding unused cells or wires in module \GcdUnitCtrlRTL_0x4d0fc71ead8d3d9e..
Finding unused cells or wires in module \GcdUnitDpathRTL_0x4d0fc71ead8d3d9e..
Finding unused cells or wires in module \LtComparator_0x422b1f52edd46a85..
Finding unused cells or wires in module \Mux_0x683fa1a418b072c9..
Finding unused cells or wires in module \Mux_0xdd6473406d1a99a..
Finding unused cells or wires in module \RegEn_0x68db79c4ec1d6e5b..
Finding unused cells or wires in module \RegRst_0x9f365fdf6c8998a..
Finding unused cells or wires in module \Subtractor_0x422b1f52edd46a85..
Finding unused cells or wires in module \ZeroComparator_0x422b1f52edd46a85..
Finding unused cells or wires in module \gcd..

11.15. Executing OPT_EXPR pass (perform const folding).
Optimizing module GcdUnitCtrlRTL_0x4d0fc71ead8d3d9e.
Optimizing module GcdUnitDpathRTL_0x4d0fc71ead8d3d9e.
Optimizing module LtComparator_0x422b1f52edd46a85.
Optimizing module Mux_0x683fa1a418b072c9.
Optimizing module Mux_0xdd6473406d1a99a.
Optimizing module RegEn_0x68db79c4ec1d6e5b.
Optimizing module RegRst_0x9f365fdf6c8998a.
Optimizing module Subtractor_0x422b1f52edd46a85.
Optimizing module ZeroComparator_0x422b1f52edd46a85.
Optimizing module gcd.

11.16. Finished OPT passes. (There is nothing left to do.)

12. Executing DFFLIBMAP pass (mapping DFF cells to sequential cells from liberty file).
  cell DFFL11 (noninv, pins=4, area=6.67) is a direct match for cell type $_DFF_P_.
  cell DFCL11 (noninv, pins=5, area=8.00) is a direct match for cell type $_DFF_PN0_.
  cell DFPR11 (noninv, pins=5, area=8.40) is a direct match for cell type $_DFF_PN1_.
  cell DFPC11 (noninv, pins=6, area=9.67) is a direct match for cell type $_DFFSR_PNN_.
  create mapping for $_DFF_PP0_ from mapping for $_DFF_PN0_.
  create mapping for $_DFF_PP1_ from mapping for $_DFF_PN1_.
  create mapping for $_DFFSR_PPN_ from mapping for $_DFFSR_PNN_.
  create mapping for $_DFFSR_PNP_ from mapping for $_DFFSR_PNN_.
  create mapping for $_DFFSR_PPP_ from mapping for $_DFFSR_PNP_.
  create mapping for $_DFF_N_ from mapping for $_DFF_P_.
  create mapping for $_DFF_NN0_ from mapping for $_DFF_PN0_.
  create mapping for $_DFF_NP0_ from mapping for $_DFF_NN0_.
  create mapping for $_DFF_NN1_ from mapping for $_DFF_NN0_.
  create mapping for $_DFF_NP1_ from mapping for $_DFF_NN1_.
  create mapping for $_DFFSR_NNN_ from mapping for $_DFFSR_PNN_.
  create mapping for $_DFFSR_NPN_ from mapping for $_DFFSR_NNN_.
  create mapping for $_DFFSR_NNP_ from mapping for $_DFFSR_NNN_.
  create mapping for $_DFFSR_NPP_ from mapping for $_DFFSR_NNP_.
  final dff cell mappings:
    DFFL11 _DFF_N_ (.C(~C), .D( D), .Q( Q), .QB(~Q));
    DFFL11 _DFF_P_ (.C( C), .D( D), .Q( Q), .QB(~Q));
    DFCL11 _DFF_NN0_ (.C(~C), .CLRB( R), .D( D), .Q( Q), .QB(~Q));
    DFCL11 _DFF_NN1_ (.C(~C), .CLRB( R), .D(~D), .Q(~Q), .QB( Q));
    DFCL11 _DFF_NP0_ (.C(~C), .CLRB(~R), .D( D), .Q( Q), .QB(~Q));
    DFCL11 _DFF_NP1_ (.C(~C), .CLRB(~R), .D(~D), .Q(~Q), .QB( Q));
    DFCL11 _DFF_PN0_ (.C( C), .CLRB( R), .D( D), .Q( Q), .QB(~Q));
    DFPR11 _DFF_PN1_ (.C( C), .D( D), .PRB( R), .Q( Q), .QB(~Q));
    DFCL11 _DFF_PP0_ (.C( C), .CLRB(~R), .D( D), .Q( Q), .QB(~Q));
    DFPR11 _DFF_PP1_ (.C( C), .D( D), .PRB(~R), .Q( Q), .QB(~Q));
    DFPC11 _DFFSR_NNN_ (.C(~C), .CLRB( R), .D( D), .PRB( S), .Q( Q), .QB(~Q));
    DFPC11 _DFFSR_NNP_ (.C(~C), .CLRB(~R), .D( D), .PRB( S), .Q( Q), .QB(~Q));
    DFPC11 _DFFSR_NPN_ (.C(~C), .CLRB( R), .D( D), .PRB(~S), .Q( Q), .QB(~Q));
    DFPC11 _DFFSR_NPP_ (.C(~C), .CLRB(~R), .D( D), .PRB(~S), .Q( Q), .QB(~Q));
    DFPC11 _DFFSR_PNN_ (.C( C), .CLRB( R), .D( D), .PRB( S), .Q( Q), .QB(~Q));
    DFPC11 _DFFSR_PNP_ (.C( C), .CLRB(~R), .D( D), .PRB( S), .Q( Q), .QB(~Q));
    DFPC11 _DFFSR_PPN_ (.C( C), .CLRB( R), .D( D), .PRB(~S), .Q( Q), .QB(~Q));
    DFPC11 _DFFSR_PPP_ (.C( C), .CLRB(~R), .D( D), .PRB(~S), .Q( Q), .QB(~Q));
Mapping DFF cells in module `\GcdUnitCtrlRTL_0x4d0fc71ead8d3d9e':
Mapping DFF cells in module `\GcdUnitDpathRTL_0x4d0fc71ead8d3d9e':
Mapping DFF cells in module `\LtComparator_0x422b1f52edd46a85':
Mapping DFF cells in module `\Mux_0x683fa1a418b072c9':
Mapping DFF cells in module `\Mux_0xdd6473406d1a99a':
Mapping DFF cells in module `\RegEn_0x68db79c4ec1d6e5b':
  mapped 16 $_DFF_P_ cells to \DFFL11 cells.
Mapping DFF cells in module `\RegRst_0x9f365fdf6c8998a':
  mapped 2 $_DFF_P_ cells to \DFFL11 cells.
Mapping DFF cells in module `\Subtractor_0x422b1f52edd46a85':
Mapping DFF cells in module `\ZeroComparator_0x422b1f52edd46a85':
Mapping DFF cells in module `\gcd':

13. Executing ABC pass (technology mapping using ABC).

13.1. Extracting gate netlist of module `\GcdUnitCtrlRTL_0x4d0fc71ead8d3d9e' to `<abc-temp-dir>/input.blif'..
Extracted 32 gates and 40 wires to a netlist network with 6 inputs and 8 outputs.

13.1.1. Executing ABC.
Running ABC command: <yosys-exe-dir>/yosys-abc -s -f <abc-temp-dir>/abc.script 2>&1
ABC: ABC command line: "source <abc-temp-dir>/abc.script".
ABC: 
ABC: + read_blif <abc-temp-dir>/input.blif 
ABC: + read_lib -w /workspaces/vsd-sclc1d-orfs/pdks/sclc1d/OS_C1D_SCL_PDK_31-07-2026/my_dtech/Open_Source_SCL_1.2micron_PDK_digital/open_source_scl_c1d/open_pdks/sclc1d/digital_c1d/lib/nldm_tt_27_1p5.lib 
ABC: Parsing finished successfully.  Parsing time =     0.01 sec
ABC: Scl_LibertyReadGenlib() skipped sequential cell "DFCL11".
ABC: Scl_LibertyReadGenlib() skipped sequential cell "DFFL11".
ABC: Scl_LibertyReadGenlib() skipped sequential cell "DFPC11".
ABC: Scl_LibertyReadGenlib() skipped sequential cell "DFPR11".
ABC: Scl_LibertyReadGenlib() skipped sequential cell "LTCH11".
ABC: Scl_LibertyReadGenlib() skipped sequential cell "LTCL11".
ABC: Scl_LibertyReadGenlib() skipped sequential cell "LTPC11".
ABC: Scl_LibertyReadGenlib() skipped sequential cell "LTPR11".
ABC: Scl_LibertyReadGenlib() skipped three-state cell "TBUF01".
ABC: Scl_LibertyReadGenlib() skipped three-state cell "TINV01".
ABC: Library "tt_27_1p5" from "/workspaces/vsd-sclc1d-orfs/pdks/sclc1d/OS_C1D_SCL_PDK_31-07-2026/my_dtech/Open_Source_SCL_1.2micron_PDK_digital/open_source_scl_c1d/open_pdks/sclc1d/digital_c1d/lib/nldm_tt_27_1p5.lib" has 53 cells (10 skipped: 8 seq; 2 tri-state; 0 no func; 0 dont_use).  Time =     0.01 sec
ABC: Memory =    1.23 MB. Time =     0.01 sec
ABC: Gates with more than 2 outputs are not supported.
ABC: Gates with more than 2 outputs are not supported.
ABC: Gates with more than 2 outputs are not supported.
ABC: Gates with more than 2 outputs are not supported.
ABC: Warning: Detected 9 multi-output gates (for example, "CDRI02").
ABC: + strash 
ABC: + ifraig 
ABC: + scorr 
ABC: Warning: The network is combinational (run "fraig" or "fraig_sweep").
ABC: + dc2 
ABC: + dretime 
ABC: + retime 
ABC: + strash 
ABC: + &get -n 
ABC: + &dch -f 
ABC: + &nf 
ABC: + &put 
ABC: + write_blif <abc-temp-dir>/output.blif 

13.1.2. Re-integrating ABC results.
ABC RESULTS:            ADNR01 cells:        2
ABC RESULTS:            AOI401 cells:        1
ABC RESULTS:            INVR01 cells:        4
ABC RESULTS:            NOR200 cells:        2
ABC RESULTS:            NOR300 cells:        2
ABC RESULTS:            OR2101 cells:        1
ABC RESULTS:            OR4101 cells:        1
ABC RESULTS:        internal signals:       26
ABC RESULTS:           input signals:        6
ABC RESULTS:          output signals:        8
Removing temp directory.

13.2. Extracting gate netlist of module `\GcdUnitDpathRTL_0x4d0fc71ead8d3d9e' to `<abc-temp-dir>/input.blif'..
Extracted 0 gates and 0 wires to a netlist network with 0 inputs and 0 outputs.
Don't call ABC as there is nothing to map.
Removing temp directory.

13.3. Extracting gate netlist of module `\LtComparator_0x422b1f52edd46a85' to `<abc-temp-dir>/input.blif'..
Extracted 91 gates and 123 wires to a netlist network with 32 inputs and 1 outputs.

13.3.1. Executing ABC.
Running ABC command: <yosys-exe-dir>/yosys-abc -s -f <abc-temp-dir>/abc.script 2>&1
ABC: ABC command line: "source <abc-temp-dir>/abc.script".
ABC: 
ABC: + read_blif <abc-temp-dir>/input.blif 
ABC: + read_lib -w /workspaces/vsd-sclc1d-orfs/pdks/sclc1d/OS_C1D_SCL_PDK_31-07-2026/my_dtech/Open_Source_SCL_1.2micron_PDK_digital/open_source_scl_c1d/open_pdks/sclc1d/digital_c1d/lib/nldm_tt_27_1p5.lib 
ABC: Parsing finished successfully.  Parsing time =     0.01 sec
ABC: Scl_LibertyReadGenlib() skipped sequential cell "DFCL11".
ABC: Scl_LibertyReadGenlib() skipped sequential cell "DFFL11".
ABC: Scl_LibertyReadGenlib() skipped sequential cell "DFPC11".
ABC: Scl_LibertyReadGenlib() skipped sequential cell "DFPR11".
ABC: Scl_LibertyReadGenlib() skipped sequential cell "LTCH11".
ABC: Scl_LibertyReadGenlib() skipped sequential cell "LTCL11".
ABC: Scl_LibertyReadGenlib() skipped sequential cell "LTPC11".
ABC: Scl_LibertyReadGenlib() skipped sequential cell "LTPR11".
ABC: Scl_LibertyReadGenlib() skipped three-state cell "TBUF01".
ABC: Scl_LibertyReadGenlib() skipped three-state cell "TINV01".
ABC: Library "tt_27_1p5" from "/workspaces/vsd-sclc1d-orfs/pdks/sclc1d/OS_C1D_SCL_PDK_31-07-2026/my_dtech/Open_Source_SCL_1.2micron_PDK_digital/open_source_scl_c1d/open_pdks/sclc1d/digital_c1d/lib/nldm_tt_27_1p5.lib" has 53 cells (10 skipped: 8 seq; 2 tri-state; 0 no func; 0 dont_use).  Time =     0.01 sec
ABC: Memory =    1.23 MB. Time =     0.01 sec
ABC: Gates with more than 2 outputs are not supported.
ABC: Gates with more than 2 outputs are not supported.
ABC: Gates with more than 2 outputs are not supported.
ABC: Gates with more than 2 outputs are not supported.
ABC: Warning: Detected 9 multi-output gates (for example, "CDRI02").
ABC: + strash 
ABC: + ifraig 
ABC: + scorr 
ABC: Warning: The network is combinational (run "fraig" or "fraig_sweep").
ABC: + dc2 
ABC: + dretime 
ABC: + retime 
ABC: + strash 
ABC: + &get -n 
ABC: + &dch -f 
ABC: + &nf 
ABC: + &put 
ABC: + write_blif <abc-temp-dir>/output.blif 

13.3.2. Re-integrating ABC results.
ABC RESULTS:            ADNR01 cells:        6
ABC RESULTS:            ADOR16 cells:        2
ABC RESULTS:            AND201 cells:        2
ABC RESULTS:            AOI401 cells:        1
ABC RESULTS:            INVR01 cells:       17
ABC RESULTS:            NND201 cells:        7
ABC RESULTS:            NND300 cells:        2
ABC RESULTS:            NOR200 cells:       10
ABC RESULTS:            NOR300 cells:        1
ABC RESULTS:            OR2101 cells:        3
ABC RESULTS:            OR3101 cells:        3
ABC RESULTS:            ORND01 cells:        8
ABC RESULTS:            XOR201 cells:        1
ABC RESULTS:        internal signals:       90
ABC RESULTS:           input signals:       32
ABC RESULTS:          output signals:        1
Removing temp directory.

13.4. Extracting gate netlist of module `\Mux_0x683fa1a418b072c9' to `<abc-temp-dir>/input.blif'..
Extracted 106 gates and 158 wires to a netlist network with 50 inputs and 16 outputs.

13.4.1. Executing ABC.
Running ABC command: <yosys-exe-dir>/yosys-abc -s -f <abc-temp-dir>/abc.script 2>&1
ABC: ABC command line: "source <abc-temp-dir>/abc.script".
ABC: 
ABC: + read_blif <abc-temp-dir>/input.blif 
ABC: + read_lib -w /workspaces/vsd-sclc1d-orfs/pdks/sclc1d/OS_C1D_SCL_PDK_31-07-2026/my_dtech/Open_Source_SCL_1.2micron_PDK_digital/open_source_scl_c1d/open_pdks/sclc1d/digital_c1d/lib/nldm_tt_27_1p5.lib 
ABC: Parsing finished successfully.  Parsing time =     0.01 sec
ABC: Scl_LibertyReadGenlib() skipped sequential cell "DFCL11".
ABC: Scl_LibertyReadGenlib() skipped sequential cell "DFFL11".
ABC: Scl_LibertyReadGenlib() skipped sequential cell "DFPC11".
ABC: Scl_LibertyReadGenlib() skipped sequential cell "DFPR11".
ABC: Scl_LibertyReadGenlib() skipped sequential cell "LTCH11".
ABC: Scl_LibertyReadGenlib() skipped sequential cell "LTCL11".
ABC: Scl_LibertyReadGenlib() skipped sequential cell "LTPC11".
ABC: Scl_LibertyReadGenlib() skipped sequential cell "LTPR11".
ABC: Scl_LibertyReadGenlib() skipped three-state cell "TBUF01".
ABC: Scl_LibertyReadGenlib() skipped three-state cell "TINV01".
ABC: Library "tt_27_1p5" from "/workspaces/vsd-sclc1d-orfs/pdks/sclc1d/OS_C1D_SCL_PDK_31-07-2026/my_dtech/Open_Source_SCL_1.2micron_PDK_digital/open_source_scl_c1d/open_pdks/sclc1d/digital_c1d/lib/nldm_tt_27_1p5.lib" has 53 cells (10 skipped: 8 seq; 2 tri-state; 0 no func; 0 dont_use).  Time =     0.01 sec
ABC: Memory =    1.23 MB. Time =     0.01 sec
ABC: Gates with more than 2 outputs are not supported.
ABC: Gates with more than 2 outputs are not supported.
ABC: Gates with more than 2 outputs are not supported.
ABC: Gates with more than 2 outputs are not supported.
ABC: Warning: Detected 9 multi-output gates (for example, "CDRI02").
ABC: + strash 
ABC: + ifraig 
ABC: + scorr 
ABC: Warning: The network is combinational (run "fraig" or "fraig_sweep").
ABC: + dc2 
ABC: + dretime 
ABC: + retime 
ABC: + strash 
ABC: + &get -n 
ABC: + &dch -f 
ABC: + &nf 
ABC: + &put 
ABC: + write_blif <abc-temp-dir>/output.blif 

13.4.2. Re-integrating ABC results.
ABC RESULTS:            ADOR16 cells:       16
ABC RESULTS:            AND201 cells:        1
ABC RESULTS:            INVR01 cells:        1
ABC RESULTS:            NOR200 cells:        2
ABC RESULTS:        internal signals:       92
ABC RESULTS:           input signals:       50
ABC RESULTS:          output signals:       16
Removing temp directory.

13.5. Extracting gate netlist of module `\Mux_0xdd6473406d1a99a' to `<abc-temp-dir>/input.blif'..
Extracted 49 gates and 82 wires to a netlist network with 33 inputs and 16 outputs.

13.5.1. Executing ABC.
Running ABC command: <yosys-exe-dir>/yosys-abc -s -f <abc-temp-dir>/abc.script 2>&1
ABC: ABC command line: "source <abc-temp-dir>/abc.script".
ABC: 
ABC: + read_blif <abc-temp-dir>/input.blif 
ABC: + read_lib -w /workspaces/vsd-sclc1d-orfs/pdks/sclc1d/OS_C1D_SCL_PDK_31-07-2026/my_dtech/Open_Source_SCL_1.2micron_PDK_digital/open_source_scl_c1d/open_pdks/sclc1d/digital_c1d/lib/nldm_tt_27_1p5.lib 
ABC: Parsing finished successfully.  Parsing time =     0.01 sec
ABC: Scl_LibertyReadGenlib() skipped sequential cell "DFCL11".
ABC: Scl_LibertyReadGenlib() skipped sequential cell "DFFL11".
ABC: Scl_LibertyReadGenlib() skipped sequential cell "DFPC11".
ABC: Scl_LibertyReadGenlib() skipped sequential cell "DFPR11".
ABC: Scl_LibertyReadGenlib() skipped sequential cell "LTCH11".
ABC: Scl_LibertyReadGenlib() skipped sequential cell "LTCL11".
ABC: Scl_LibertyReadGenlib() skipped sequential cell "LTPC11".
ABC: Scl_LibertyReadGenlib() skipped sequential cell "LTPR11".
ABC: Scl_LibertyReadGenlib() skipped three-state cell "TBUF01".
ABC: Scl_LibertyReadGenlib() skipped three-state cell "TINV01".
ABC: Library "tt_27_1p5" from "/workspaces/vsd-sclc1d-orfs/pdks/sclc1d/OS_C1D_SCL_PDK_31-07-2026/my_dtech/Open_Source_SCL_1.2micron_PDK_digital/open_source_scl_c1d/open_pdks/sclc1d/digital_c1d/lib/nldm_tt_27_1p5.lib" has 53 cells (10 skipped: 8 seq; 2 tri-state; 0 no func; 0 dont_use).  Time =     0.01 sec
ABC: Memory =    1.23 MB. Time =     0.01 sec
ABC: Gates with more than 2 outputs are not supported.
ABC: Gates with more than 2 outputs are not supported.
ABC: Gates with more than 2 outputs are not supported.
ABC: Gates with more than 2 outputs are not supported.
ABC: Warning: Detected 9 multi-output gates (for example, "CDRI02").
ABC: + strash 
ABC: + ifraig 
ABC: + scorr 
ABC: Warning: The network is combinational (run "fraig" or "fraig_sweep").
ABC: + dc2 
ABC: + dretime 
ABC: + retime 
ABC: + strash 
ABC: + &get -n 
ABC: + &dch -f 
ABC: + &nf 
ABC: + &put 
ABC: + write_blif <abc-temp-dir>/output.blif 

13.5.2. Re-integrating ABC results.
ABC RESULTS:            MX2101 cells:       16
ABC RESULTS:        internal signals:       33
ABC RESULTS:           input signals:       33
ABC RESULTS:          output signals:       16
Removing temp directory.

13.6. Extracting gate netlist of module `\RegEn_0x68db79c4ec1d6e5b' to `<abc-temp-dir>/input.blif'..
Extracted 16 gates and 49 wires to a netlist network with 33 inputs and 16 outputs.

13.6.1. Executing ABC.
Running ABC command: <yosys-exe-dir>/yosys-abc -s -f <abc-temp-dir>/abc.script 2>&1
ABC: ABC command line: "source <abc-temp-dir>/abc.script".
ABC: 
ABC: + read_blif <abc-temp-dir>/input.blif 
ABC: + read_lib -w /workspaces/vsd-sclc1d-orfs/pdks/sclc1d/OS_C1D_SCL_PDK_31-07-2026/my_dtech/Open_Source_SCL_1.2micron_PDK_digital/open_source_scl_c1d/open_pdks/sclc1d/digital_c1d/lib/nldm_tt_27_1p5.lib 
ABC: Parsing finished successfully.  Parsing time =     0.01 sec
ABC: Scl_LibertyReadGenlib() skipped sequential cell "DFCL11".
ABC: Scl_LibertyReadGenlib() skipped sequential cell "DFFL11".
ABC: Scl_LibertyReadGenlib() skipped sequential cell "DFPC11".
ABC: Scl_LibertyReadGenlib() skipped sequential cell "DFPR11".
ABC: Scl_LibertyReadGenlib() skipped sequential cell "LTCH11".
ABC: Scl_LibertyReadGenlib() skipped sequential cell "LTCL11".
ABC: Scl_LibertyReadGenlib() skipped sequential cell "LTPC11".
ABC: Scl_LibertyReadGenlib() skipped sequential cell "LTPR11".
ABC: Scl_LibertyReadGenlib() skipped three-state cell "TBUF01".
ABC: Scl_LibertyReadGenlib() skipped three-state cell "TINV01".
ABC: Library "tt_27_1p5" from "/workspaces/vsd-sclc1d-orfs/pdks/sclc1d/OS_C1D_SCL_PDK_31-07-2026/my_dtech/Open_Source_SCL_1.2micron_PDK_digital/open_source_scl_c1d/open_pdks/sclc1d/digital_c1d/lib/nldm_tt_27_1p5.lib" has 53 cells (10 skipped: 8 seq; 2 tri-state; 0 no func; 0 dont_use).  Time =     0.01 sec
ABC: Memory =    1.23 MB. Time =     0.01 sec
ABC: Gates with more than 2 outputs are not supported.
ABC: Gates with more than 2 outputs are not supported.
ABC: Gates with more than 2 outputs are not supported.
ABC: Gates with more than 2 outputs are not supported.
ABC: Warning: Detected 9 multi-output gates (for example, "CDRI02").
ABC: + strash 
ABC: + ifraig 
ABC: + scorr 
ABC: Warning: The network is combinational (run "fraig" or "fraig_sweep").
ABC: + dc2 
ABC: + dretime 
ABC: + retime 
ABC: + strash 
ABC: + &get -n 
ABC: + &dch -f 
ABC: + &nf 
ABC: + &put 
ABC: + write_blif <abc-temp-dir>/output.blif 

13.6.2. Re-integrating ABC results.
ABC RESULTS:            MX2101 cells:       16
ABC RESULTS:        internal signals:        0
ABC RESULTS:           input signals:       33
ABC RESULTS:          output signals:       16
Removing temp directory.

13.7. Extracting gate netlist of module `\RegRst_0x9f365fdf6c8998a' to `<abc-temp-dir>/input.blif'..
Extracted 2 gates and 6 wires to a netlist network with 3 inputs and 2 outputs.

13.7.1. Executing ABC.
Running ABC command: <yosys-exe-dir>/yosys-abc -s -f <abc-temp-dir>/abc.script 2>&1
ABC: ABC command line: "source <abc-temp-dir>/abc.script".
ABC: 
ABC: + read_blif <abc-temp-dir>/input.blif 
ABC: + read_lib -w /workspaces/vsd-sclc1d-orfs/pdks/sclc1d/OS_C1D_SCL_PDK_31-07-2026/my_dtech/Open_Source_SCL_1.2micron_PDK_digital/open_source_scl_c1d/open_pdks/sclc1d/digital_c1d/lib/nldm_tt_27_1p5.lib 
ABC: Parsing finished successfully.  Parsing time =     0.01 sec
ABC: Scl_LibertyReadGenlib() skipped sequential cell "DFCL11".
ABC: Scl_LibertyReadGenlib() skipped sequential cell "DFFL11".
ABC: Scl_LibertyReadGenlib() skipped sequential cell "DFPC11".
ABC: Scl_LibertyReadGenlib() skipped sequential cell "DFPR11".
ABC: Scl_LibertyReadGenlib() skipped sequential cell "LTCH11".
ABC: Scl_LibertyReadGenlib() skipped sequential cell "LTCL11".
ABC: Scl_LibertyReadGenlib() skipped sequential cell "LTPC11".
ABC: Scl_LibertyReadGenlib() skipped sequential cell "LTPR11".
ABC: Scl_LibertyReadGenlib() skipped three-state cell "TBUF01".
ABC: Scl_LibertyReadGenlib() skipped three-state cell "TINV01".
ABC: Library "tt_27_1p5" from "/workspaces/vsd-sclc1d-orfs/pdks/sclc1d/OS_C1D_SCL_PDK_31-07-2026/my_dtech/Open_Source_SCL_1.2micron_PDK_digital/open_source_scl_c1d/open_pdks/sclc1d/digital_c1d/lib/nldm_tt_27_1p5.lib" has 53 cells (10 skipped: 8 seq; 2 tri-state; 0 no func; 0 dont_use).  Time =     0.01 sec
ABC: Memory =    1.23 MB. Time =     0.01 sec
ABC: Gates with more than 2 outputs are not supported.
ABC: Gates with more than 2 outputs are not supported.
ABC: Gates with more than 2 outputs are not supported.
ABC: Gates with more than 2 outputs are not supported.
ABC: Warning: Detected 9 multi-output gates (for example, "CDRI02").
ABC: + strash 
ABC: + ifraig 
ABC: + scorr 
ABC: Warning: The network is combinational (run "fraig" or "fraig_sweep").
ABC: + dc2 
ABC: + dretime 
ABC: + retime 
ABC: + strash 
ABC: + &get -n 
ABC: + &dch -f 
ABC: + &nf 
ABC: + &put 
ABC: + write_blif <abc-temp-dir>/output.blif 

13.7.2. Re-integrating ABC results.
ABC RESULTS:            INVR01 cells:        2
ABC RESULTS:            NOR200 cells:        2
ABC RESULTS:        internal signals:        1
ABC RESULTS:           input signals:        3
ABC RESULTS:          output signals:        2
Removing temp directory.

13.8. Extracting gate netlist of module `\Subtractor_0x422b1f52edd46a85' to `<abc-temp-dir>/input.blif'..
Extracted 116 gates and 149 wires to a netlist network with 32 inputs and 16 outputs.

13.8.1. Executing ABC.
Running ABC command: <yosys-exe-dir>/yosys-abc -s -f <abc-temp-dir>/abc.script 2>&1
ABC: ABC command line: "source <abc-temp-dir>/abc.script".
ABC: 
ABC: + read_blif <abc-temp-dir>/input.blif 
ABC: + read_lib -w /workspaces/vsd-sclc1d-orfs/pdks/sclc1d/OS_C1D_SCL_PDK_31-07-2026/my_dtech/Open_Source_SCL_1.2micron_PDK_digital/open_source_scl_c1d/open_pdks/sclc1d/digital_c1d/lib/nldm_tt_27_1p5.lib 
ABC: Parsing finished successfully.  Parsing time =     0.01 sec
ABC: Scl_LibertyReadGenlib() skipped sequential cell "DFCL11".
ABC: Scl_LibertyReadGenlib() skipped sequential cell "DFFL11".
ABC: Scl_LibertyReadGenlib() skipped sequential cell "DFPC11".
ABC: Scl_LibertyReadGenlib() skipped sequential cell "DFPR11".
ABC: Scl_LibertyReadGenlib() skipped sequential cell "LTCH11".
ABC: Scl_LibertyReadGenlib() skipped sequential cell "LTCL11".
ABC: Scl_LibertyReadGenlib() skipped sequential cell "LTPC11".
ABC: Scl_LibertyReadGenlib() skipped sequential cell "LTPR11".
ABC: Scl_LibertyReadGenlib() skipped three-state cell "TBUF01".
ABC: Scl_LibertyReadGenlib() skipped three-state cell "TINV01".
ABC: Library "tt_27_1p5" from "/workspaces/vsd-sclc1d-orfs/pdks/sclc1d/OS_C1D_SCL_PDK_31-07-2026/my_dtech/Open_Source_SCL_1.2micron_PDK_digital/open_source_scl_c1d/open_pdks/sclc1d/digital_c1d/lib/nldm_tt_27_1p5.lib" has 53 cells (10 skipped: 8 seq; 2 tri-state; 0 no func; 0 dont_use).  Time =     0.01 sec
ABC: Memory =    1.23 MB. Time =     0.01 sec
ABC: Gates with more than 2 outputs are not supported.
ABC: Gates with more than 2 outputs are not supported.
ABC: Gates with more than 2 outputs are not supported.
ABC: Gates with more than 2 outputs are not supported.
ABC: Warning: Detected 9 multi-output gates (for example, "CDRI02").
ABC: + strash 
ABC: + ifraig 
ABC: + scorr 
ABC: Warning: The network is combinational (run "fraig" or "fraig_sweep").
ABC: + dc2 
ABC: + dretime 
ABC: + retime 
ABC: + strash 
ABC: + &get -n 
ABC: + &dch -f 
ABC: + &nf 
ABC: + &put 
ABC: + write_blif <abc-temp-dir>/output.blif 

13.8.2. Re-integrating ABC results.
ABC RESULTS:            ADNR01 cells:        4
ABC RESULTS:            AND201 cells:        3
ABC RESULTS:            INVR01 cells:       21
ABC RESULTS:            NND201 cells:        7
ABC RESULTS:            NOR200 cells:       28
ABC RESULTS:            NOR300 cells:        7
ABC RESULTS:            OR2101 cells:        2
ABC RESULTS:            ORND01 cells:        5
ABC RESULTS:            XNR201 cells:       24
ABC RESULTS:        internal signals:      101
ABC RESULTS:           input signals:       32
ABC RESULTS:          output signals:       16
Removing temp directory.

13.9. Extracting gate netlist of module `\ZeroComparator_0x422b1f52edd46a85' to `<abc-temp-dir>/input.blif'..
Extracted 16 gates and 32 wires to a netlist network with 16 inputs and 1 outputs.

13.9.1. Executing ABC.
Running ABC command: <yosys-exe-dir>/yosys-abc -s -f <abc-temp-dir>/abc.script 2>&1
ABC: ABC command line: "source <abc-temp-dir>/abc.script".
ABC: 
ABC: + read_blif <abc-temp-dir>/input.blif 
ABC: + read_lib -w /workspaces/vsd-sclc1d-orfs/pdks/sclc1d/OS_C1D_SCL_PDK_31-07-2026/my_dtech/Open_Source_SCL_1.2micron_PDK_digital/open_source_scl_c1d/open_pdks/sclc1d/digital_c1d/lib/nldm_tt_27_1p5.lib 
ABC: Parsing finished successfully.  Parsing time =     0.01 sec
ABC: Scl_LibertyReadGenlib() skipped sequential cell "DFCL11".
ABC: Scl_LibertyReadGenlib() skipped sequential cell "DFFL11".
ABC: Scl_LibertyReadGenlib() skipped sequential cell "DFPC11".
ABC: Scl_LibertyReadGenlib() skipped sequential cell "DFPR11".
ABC: Scl_LibertyReadGenlib() skipped sequential cell "LTCH11".
ABC: Scl_LibertyReadGenlib() skipped sequential cell "LTCL11".
ABC: Scl_LibertyReadGenlib() skipped sequential cell "LTPC11".
ABC: Scl_LibertyReadGenlib() skipped sequential cell "LTPR11".
ABC: Scl_LibertyReadGenlib() skipped three-state cell "TBUF01".
ABC: Scl_LibertyReadGenlib() skipped three-state cell "TINV01".
ABC: Library "tt_27_1p5" from "/workspaces/vsd-sclc1d-orfs/pdks/sclc1d/OS_C1D_SCL_PDK_31-07-2026/my_dtech/Open_Source_SCL_1.2micron_PDK_digital/open_source_scl_c1d/open_pdks/sclc1d/digital_c1d/lib/nldm_tt_27_1p5.lib" has 53 cells (10 skipped: 8 seq; 2 tri-state; 0 no func; 0 dont_use).  Time =     0.01 sec
ABC: Memory =    1.23 MB. Time =     0.01 sec
ABC: Gates with more than 2 outputs are not supported.
ABC: Gates with more than 2 outputs are not supported.
ABC: Gates with more than 2 outputs are not supported.
ABC: Gates with more than 2 outputs are not supported.
ABC: Warning: Detected 9 multi-output gates (for example, "CDRI02").
ABC: + strash 
ABC: + ifraig 
ABC: + scorr 
ABC: Warning: The network is combinational (run "fraig" or "fraig_sweep").
ABC: + dc2 
ABC: + dretime 
ABC: + retime 
ABC: + strash 
ABC: + &get -n 
ABC: + &dch -f 
ABC: + &nf 
ABC: + &put 
ABC: + write_blif <abc-temp-dir>/output.blif 

13.9.2. Re-integrating ABC results.
ABC RESULTS:            NOR300 cells:        1
ABC RESULTS:            OR2101 cells:        1
ABC RESULTS:            OR4101 cells:        4
ABC RESULTS:        internal signals:       15
ABC RESULTS:           input signals:       16
ABC RESULTS:          output signals:        1
Removing temp directory.

13.10. Extracting gate netlist of module `\gcd' to `<abc-temp-dir>/input.blif'..
Extracted 0 gates and 0 wires to a netlist network with 0 inputs and 0 outputs.
Don't call ABC as there is nothing to map.
Removing temp directory.

14. Executing OPT pass (performing simple optimizations).

14.1. Executing OPT_EXPR pass (perform const folding).
Optimizing module GcdUnitCtrlRTL_0x4d0fc71ead8d3d9e.
Optimizing module GcdUnitDpathRTL_0x4d0fc71ead8d3d9e.
Optimizing module LtComparator_0x422b1f52edd46a85.
Optimizing module Mux_0x683fa1a418b072c9.
Optimizing module Mux_0xdd6473406d1a99a.
Optimizing module RegEn_0x68db79c4ec1d6e5b.
Optimizing module RegRst_0x9f365fdf6c8998a.
Optimizing module Subtractor_0x422b1f52edd46a85.
Optimizing module ZeroComparator_0x422b1f52edd46a85.
Optimizing module gcd.

14.2. Executing OPT_MERGE pass (detect identical cells).
Finding identical cells in module `\GcdUnitCtrlRTL_0x4d0fc71ead8d3d9e'.
Finding identical cells in module `\GcdUnitDpathRTL_0x4d0fc71ead8d3d9e'.
Finding identical cells in module `\LtComparator_0x422b1f52edd46a85'.
Finding identical cells in module `\Mux_0x683fa1a418b072c9'.
Finding identical cells in module `\Mux_0xdd6473406d1a99a'.
Finding identical cells in module `\RegEn_0x68db79c4ec1d6e5b'.
Finding identical cells in module `\RegRst_0x9f365fdf6c8998a'.
Finding identical cells in module `\Subtractor_0x422b1f52edd46a85'.
Finding identical cells in module `\ZeroComparator_0x422b1f52edd46a85'.
Finding identical cells in module `\gcd'.
Removed a total of 0 cells.

14.3. Executing OPT_MUXTREE pass (detect dead branches in mux trees).
Running muxtree optimizer on module \GcdUnitCtrlRTL_0x4d0fc71ead8d3d9e..
  Creating internal representation of mux trees.
  No muxes found in this module.
Running muxtree optimizer on module \GcdUnitDpathRTL_0x4d0fc71ead8d3d9e..
  Creating internal representation of mux trees.
  No muxes found in this module.
Running muxtree optimizer on module \LtComparator_0x422b1f52edd46a85..
  Creating internal representation of mux trees.
  No muxes found in this module.
Running muxtree optimizer on module \Mux_0x683fa1a418b072c9..
  Creating internal representation of mux trees.
  No muxes found in this module.
Running muxtree optimizer on module \Mux_0xdd6473406d1a99a..
  Creating internal representation of mux trees.
  No muxes found in this module.
Running muxtree optimizer on module \RegEn_0x68db79c4ec1d6e5b..
  Creating internal representation of mux trees.
  No muxes found in this module.
Running muxtree optimizer on module \RegRst_0x9f365fdf6c8998a..
  Creating internal representation of mux trees.
  No muxes found in this module.
Running muxtree optimizer on module \Subtractor_0x422b1f52edd46a85..
  Creating internal representation of mux trees.
  No muxes found in this module.
Running muxtree optimizer on module \ZeroComparator_0x422b1f52edd46a85..
  Creating internal representation of mux trees.
  No muxes found in this module.
Running muxtree optimizer on module \gcd..
  Creating internal representation of mux trees.
  No muxes found in this module.
Removed 0 multiplexer ports.

14.4. Executing OPT_REDUCE pass (consolidate $*mux and $reduce_* inputs).
  Optimizing cells in module \GcdUnitCtrlRTL_0x4d0fc71ead8d3d9e.
  Optimizing cells in module \GcdUnitDpathRTL_0x4d0fc71ead8d3d9e.
  Optimizing cells in module \LtComparator_0x422b1f52edd46a85.
  Optimizing cells in module \Mux_0x683fa1a418b072c9.
  Optimizing cells in module \Mux_0xdd6473406d1a99a.
  Optimizing cells in module \RegEn_0x68db79c4ec1d6e5b.
  Optimizing cells in module \RegRst_0x9f365fdf6c8998a.
  Optimizing cells in module \Subtractor_0x422b1f52edd46a85.
  Optimizing cells in module \ZeroComparator_0x422b1f52edd46a85.
  Optimizing cells in module \gcd.
Performed a total of 0 changes.

14.5. Executing OPT_MERGE pass (detect identical cells).
Finding identical cells in module `\GcdUnitCtrlRTL_0x4d0fc71ead8d3d9e'.
Finding identical cells in module `\GcdUnitDpathRTL_0x4d0fc71ead8d3d9e'.
Finding identical cells in module `\LtComparator_0x422b1f52edd46a85'.
Finding identical cells in module `\Mux_0x683fa1a418b072c9'.
Finding identical cells in module `\Mux_0xdd6473406d1a99a'.
Finding identical cells in module `\RegEn_0x68db79c4ec1d6e5b'.
Finding identical cells in module `\RegRst_0x9f365fdf6c8998a'.
Finding identical cells in module `\Subtractor_0x422b1f52edd46a85'.
Finding identical cells in module `\ZeroComparator_0x422b1f52edd46a85'.
Finding identical cells in module `\gcd'.
Removed a total of 0 cells.

14.6. Executing OPT_RMDFF pass (remove dff with constant values).

14.7. Executing OPT_CLEAN pass (remove unused cells and wires).
Finding unused cells or wires in module \GcdUnitCtrlRTL_0x4d0fc71ead8d3d9e..
Finding unused cells or wires in module \GcdUnitDpathRTL_0x4d0fc71ead8d3d9e..
Finding unused cells or wires in module \LtComparator_0x422b1f52edd46a85..
Finding unused cells or wires in module \Mux_0x683fa1a418b072c9..
Finding unused cells or wires in module \Mux_0xdd6473406d1a99a..
Finding unused cells or wires in module \RegEn_0x68db79c4ec1d6e5b..
Finding unused cells or wires in module \RegRst_0x9f365fdf6c8998a..
Finding unused cells or wires in module \Subtractor_0x422b1f52edd46a85..
Finding unused cells or wires in module \ZeroComparator_0x422b1f52edd46a85..
Finding unused cells or wires in module \gcd..
Removed 0 unused cells and 418 unused wires.
<suppressed ~8 debug messages>

14.8. Executing OPT_EXPR pass (perform const folding).
Optimizing module GcdUnitCtrlRTL_0x4d0fc71ead8d3d9e.
Optimizing module GcdUnitDpathRTL_0x4d0fc71ead8d3d9e.
Optimizing module LtComparator_0x422b1f52edd46a85.
Optimizing module Mux_0x683fa1a418b072c9.
Optimizing module Mux_0xdd6473406d1a99a.
Optimizing module RegEn_0x68db79c4ec1d6e5b.
Optimizing module RegRst_0x9f365fdf6c8998a.
Optimizing module Subtractor_0x422b1f52edd46a85.
Optimizing module ZeroComparator_0x422b1f52edd46a85.
Optimizing module gcd.

14.9. Finished OPT passes. (There is nothing left to do.)

15. Printing statistics.

=== GcdUnitCtrlRTL_0x4d0fc71ead8d3d9e ===

   Number of wires:                 24
   Number of wire bits:             30
   Number of public wires:          19
   Number of public wire bits:      25
   Number of memories:               0
   Number of memory bits:            0
   Number of processes:              0
   Number of cells:                 14
     ADNR01                          2
     AOI401                          1
     INVR01                          4
     NOR200                          2
     NOR300                          2
     OR2101                          1
     OR4101                          1
     RegRst_0x9f365fdf6c8998a        1

=== GcdUnitDpathRTL_0x4d0fc71ead8d3d9e ===

   Number of wires:                 50
   Number of wire bits:            382
   Number of public wires:          50
   Number of public wire bits:     382
   Number of memories:               0
   Number of memory bits:            0
   Number of processes:              0
   Number of cells:                  7
     LtComparator_0x422b1f52edd46a85      1
     Mux_0x683fa1a418b072c9          1
     Mux_0xdd6473406d1a99a           1
     RegEn_0x68db79c4ec1d6e5b        2
     Subtractor_0x422b1f52edd46a85      1
     ZeroComparator_0x422b1f52edd46a85      1

=== LtComparator_0x422b1f52edd46a85 ===

   Number of wires:                 67
   Number of wire bits:             97
   Number of public wires:           5
   Number of public wire bits:      35
   Number of memories:               0
   Number of memory bits:            0
   Number of processes:              0
   Number of cells:                 63
     ADNR01                          6
     ADOR16                          2
     AND201                          2
     AOI401                          1
     INVR01                         17
     NND201                          7
     NND300                          2
     NOR200                         10
     NOR300                          1
     OR2101                          3
     OR3101                          3
     ORND01                          8
     XOR201                          1

=== Mux_0x683fa1a418b072c9 ===

   Number of wires:                 14
   Number of wire bits:            120
   Number of public wires:          10
   Number of public wire bits:     116
   Number of memories:               0
   Number of memory bits:            0
   Number of processes:              0
   Number of cells:                 20
     ADOR16                         16
     AND201                          1
     INVR01                          1
     NOR200                          2

=== Mux_0xdd6473406d1a99a ===

   Number of wires:                  8
   Number of wire bits:             83
   Number of public wires:           8
   Number of public wire bits:      83
   Number of memories:               0
   Number of memory bits:            0
   Number of processes:              0
   Number of cells:                 16
     MX2101                         16

=== RegEn_0x68db79c4ec1d6e5b ===

   Number of wires:                 22
   Number of wire bits:             67
   Number of public wires:           5
   Number of public wire bits:      35
   Number of memories:               0
   Number of memory bits:            0
   Number of processes:              0
   Number of cells:                 32
     DFFL11                         16
     MX2101                         16

=== RegRst_0x9f365fdf6c8998a ===

   Number of wires:                  9
   Number of wire bits:             12
   Number of public wires:           4
   Number of public wire bits:       6
   Number of memories:               0
   Number of memory bits:            0
   Number of processes:              0
   Number of cells:                  6
     DFFL11                          2
     INVR01                          2
     NOR200                          2

=== Subtractor_0x422b1f52edd46a85 ===

   Number of wires:                 90
   Number of wire bits:            135
   Number of public wires:           5
   Number of public wire bits:      50
   Number of memories:               0
   Number of memory bits:            0
   Number of processes:              0
   Number of cells:                101
     ADNR01                          4
     AND201                          3
     INVR01                         21
     NND201                          7
     NOR200                         28
     NOR300                          7
     OR2101                          2
     ORND01                          5
     XNR201                         24

=== ZeroComparator_0x422b1f52edd46a85 ===

   Number of wires:                  9
   Number of wire bits:             24
   Number of public wires:           4
   Number of public wire bits:      19
   Number of memories:               0
   Number of memory bits:            0
   Number of processes:              0
   Number of cells:                  6
     NOR300                          1
     OR2101                          1
     OR4101                          4

=== gcd ===

   Number of wires:                 31
   Number of wire bits:            124
   Number of public wires:          31
   Number of public wire bits:     124
   Number of memories:               0
   Number of memory bits:            0
   Number of processes:              0
   Number of cells:                  2
     GcdUnitCtrlRTL_0x4d0fc71ead8d3d9e      1
     GcdUnitDpathRTL_0x4d0fc71ead8d3d9e      1

=== design hierarchy ===

   gcd                               1
     GcdUnitCtrlRTL_0x4d0fc71ead8d3d9e      1
       RegRst_0x9f365fdf6c8998a      1
     GcdUnitDpathRTL_0x4d0fc71ead8d3d9e      1
       LtComparator_0x422b1f52edd46a85      1
       Mux_0x683fa1a418b072c9        1
       Mux_0xdd6473406d1a99a         1
       RegEn_0x68db79c4ec1d6e5b      2
       Subtractor_0x422b1f52edd46a85      1
       ZeroComparator_0x422b1f52edd46a85      1

   Number of wires:                346
   Number of wire bits:           1141
   Number of public wires:         146
   Number of public wire bits:     910
   Number of memories:               0
   Number of memory bits:            0
   Number of processes:              0
   Number of cells:                289
     ADNR01                         12
     ADOR16                         18
     AND201                          6
     AOI401                          2
     DFFL11                         34
     INVR01                         45
     MX2101                         48
     NND201                         14
     NND300                          2
     NOR200                         44
     NOR300                         11
     OR2101                          7
     OR3101                          3
     OR4101                          5
     ORND01                         13
     XNR201                         24
     XOR201                          1

16. Executing Verilog backend.
Dumping module `\GcdUnitCtrlRTL_0x4d0fc71ead8d3d9e'.
Dumping module `\GcdUnitDpathRTL_0x4d0fc71ead8d3d9e'.
Dumping module `\LtComparator_0x422b1f52edd46a85'.
Dumping module `\Mux_0x683fa1a418b072c9'.
Dumping module `\Mux_0xdd6473406d1a99a'.
Dumping module `\RegEn_0x68db79c4ec1d6e5b'.
Dumping module `\RegRst_0x9f365fdf6c8998a'.
Dumping module `\Subtractor_0x422b1f52edd46a85'.
Dumping module `\ZeroComparator_0x422b1f52edd46a85'.
Dumping module `\gcd'.

End of script. Logfile hash: 6c4072f4c2
CPU: user 0.41s system 0.01s, MEM: 19.99 MB total, 14.63 MB resident
Yosys 0.9 (git sha1 1979e0b, g++-9 9.5.0-1ubuntu1~22.04.1 -fPIC -Os)
Time spent: 16% 11x opt_clean (0 sec), 16% 13x opt_expr (0 sec), ...
